[    0.000000] Booting Linux on physical CPU 0
[    0.000000] Initializing cgroup subsys cpuset
[    0.000000] Initializing cgroup subsys cpu
[    0.000000] Linux version 3.4.113+ (root@bananapi2) (gcc version 4.9.2 (Debian 4.9.2-10) ) #1 SMP PREEMPT Thu Apr 20 23:01:45 UTC 2017
[    0.000000] CPU: ARMv7 Processor [410fc074] revision 4 (ARMv7), cr=10c5387d
[    0.000000] CPU: PIPT / VIPT nonaliasing data cache, VIPT aliasing instruction cache
[    0.000000] Machine: sun7i
[    0.000000] Memory Reserved:
[    0.000000] 	SYS  : 0x43000000 - 0x4300ffff  (  64 kB)
[    0.000000] 	LCD  : 0x44000000 - 0x45ffffff  (  32 MB)
[    0.000000] Memory policy: ECC disabled, Data cache writealloc
[    0.000000] sunxi: Allwinner A20 (AW1651/sun7i) detected.
[    0.000000] On node 0 totalpages: 262144
[    0.000000] free_area_init_node: node 0, pgdat c0910e40, node_mem_map d0000000
[    0.000000]   DMA zone: 512 pages used for memmap
[    0.000000]   DMA zone: 0 pages reserved
[    0.000000]   DMA zone: 65024 pages, LIFO batch:15
[    0.000000]   Normal zone: 1008 pages used for memmap
[    0.000000]   Normal zone: 128016 pages, LIFO batch:31
[    0.000000]   HighMem zone: 528 pages used for memmap
[    0.000000]   HighMem zone: 67056 pages, LIFO batch:15
[    0.000000] PERCPU: Embedded 7 pages/cpu @d0808000 s7616 r8192 d12864 u32768
[    0.000000] pcpu-alloc: s7616 r8192 d12864 u32768 alloc=8*4096
[    0.000000] pcpu-alloc: [0] 0 [0] 1 
[    0.000000] Built 1 zonelists in Zone order, mobility grouping on.  Total pages: 260096
[    0.000000] Kernel command line: console=ttyS0,115200 console=tty0 console=tty1 sunxi_g2d_mem_reserve=0 sunxi_ve_mem_reserve=0 hdmi.audio=EDID:0 disp.screen0_output_mode=EDID:1680x1050p60 root=/dev/mmcblk0p2 rootfstype=ext4 elevator=deadline rootwait
[    0.000000] PID hash table entries: 4096 (order: 2, 16384 bytes)
[    0.000000] Dentry cache hash table entries: 131072 (order: 7, 524288 bytes)
[    0.000000] Inode-cache hash table entries: 65536 (order: 6, 262144 bytes)
[    0.000000] allocated 2097152 bytes of page_cgroup
[    0.000000] please try 'cgroup_disable=memory' option if you don't want memory cgroups
[    0.000000] Memory: 1024MB = 1024MB total
[    0.000000] Memory: 993440k/993440k available, 55136k reserved, 270336K highmem
[    0.000000] Virtual kernel memory layout:
[    0.000000]     vector  : 0xffff0000 - 0xffff1000   (   4 kB)
[    0.000000]     fixmap  : 0xfff00000 - 0xfffe0000   ( 896 kB)
[    0.000000]     vmalloc : 0xf0000000 - 0xff000000   ( 240 MB)
[    0.000000]     lowmem  : 0xc0000000 - 0xef800000   ( 760 MB)
[    0.000000]     pkmap   : 0xbfe00000 - 0xc0000000   (   2 MB)
[    0.000000]     modules : 0xbf000000 - 0xbfe00000   (  14 MB)
[    0.000000]       .text : 0xc0008000 - 0xc0868808   (8579 kB)
[    0.000000]       .init : 0xc0869000 - 0xc08a2dc0   ( 232 kB)
[    0.000000]       .data : 0xc08a4000 - 0xc0918c98   ( 468 kB)
[    0.000000]        .bss : 0xc0918cbc - 0xc0ae89a0   (1856 kB)
[    0.000000] SLUB: Genslabs=11, HWalign=64, Order=0-3, MinObjects=0, CPUs=2, Nodes=1
[    0.000000] Preemptible hierarchical RCU implementation.
[    0.000000] 	RCU dyntick-idle grace-period acceleration is enabled.
[    0.000000] 	Additional per-CPU info printed with stalls.
[    0.000000] NR_IRQS:192
[    0.000000] Architected local timer running at 24.00MHz.
[    0.000000] sched_clock: 32 bits at 24MHz, resolution 41ns, wraps every 178956ms
[    0.000000] start_kernel(): bug: interrupts were enabled early
[    0.000000] Console: colour dummy device 80x30
[    0.000000] console [tty0] enabled
[    0.013784] Calibrating delay loop... 1816.98 BogoMIPS (lpj=9084928)
[    0.076013] pid_max: default: 32768 minimum: 301
[    0.079692] Mount-cache hash table entries: 512
[    0.083916] Initializing cgroup subsys cpuacct
[    0.087258] Initializing cgroup subsys memory
[    0.090693] Initializing cgroup subsys devices
[    0.094138] Initializing cgroup subsys freezer
[    0.097375] Initializing cgroup subsys blkio
[    0.101061] Initializing cgroup subsys perf_event
[    0.104652] CPU: Testing write buffer coherency: ok
[    0.109857] CPU0: thread -1, cpu 0, socket 0, mpidr 80000000
[    0.116980] hw perfevents: enabled with ARMv7 Cortex-A7 PMU driver, 5 counters available
[    0.122530] Setting up static identity map for 0x405dc350 - 0x405dc3a8
[    0.238505] CPU1: Booted secondary processor
[    0.297459] CPU1: thread -1, cpu 1, socket 0, mpidr 80000001
[    0.299471] Brought up 2 CPUs
[    0.304811] SMP: Total of 2 processors activated (3640.52 BogoMIPS).
[    0.308076] devtmpfs: initialized
[    0.313789] dummy: 
[    0.317495] NET: Registered protocol family 16
[    0.323848] DMA: preallocated 256 KiB pool for atomic coherent allocations
[    0.331637] hw-breakpoint: found 5 (+1 reserved) breakpoint and 4 watchpoint registers.
[    0.336541] hw-breakpoint: maximum watchpoint size is 8 bytes.
[    0.339711] [ccu-inf] aw clock manager init
[    0.341992] [ccu-inf] aw_ccu_init
[    0.345979] [ccu-inf] script config pll3 to 297MHz
[    0.349743] [ccu-inf] script config pll4 to 300MHz
[    0.353502] [ccu-inf] script config pll6 to 600MHz
[    0.357280] [ccu-inf] script config pll7 to 297MHz
[    0.361040] [ccu-inf] script config pll8 to 336MHz
[    0.363830] Init eGon pin module V2.0
[    0.373500] bio: create slab <bio-0> at 0
[    0.377178] sunxi_gpio driver init ver 1.3
[    0.383520] gpiochip_add: registered GPIOs 1 to 88 on device: A1X_GPIO
[    0.386749] SCSI subsystem initialized
[    0.389621] libata version 3.00 loaded.
[    0.394308] usbcore: registered new interface driver usbfs
[    0.398659] usbcore: registered new interface driver hub
[    0.402855] usbcore: registered new device driver usb
[    0.406081] Linux media interface: v0.10
[    0.409767] Linux video capture interface: v2.00
[    0.415564] Advanced Linux Sound Architecture Driver Version 1.0.25.
[    0.420680] Switching to clocksource arch_sys_counter
[    0.422790] FS-Cache: Loaded
[    0.424993] CacheFiles: Loaded
[    0.438659] WRN:L287(drivers/usb/sunxi_usb/manager/usb_manager.c):ERR: det_vbus pin is invaild
[    0.446033] WRN:L426(drivers/usb/sunxi_usb/manager/usb_manager.c):ERR: check_usb_board_info failed
[    0.453692] WRN:L480(drivers/usb/sunxi_usb/manager/usb_manager.c):ERR: get_usb_cfg failed
[    0.460008] NET: Registered protocol family 2
[    0.476670] IP route cache hash table entries: 32768 (order: 5, 131072 bytes)
[    0.483659] TCP established hash table entries: 131072 (order: 8, 1048576 bytes)
[    0.491229] TCP bind hash table entries: 65536 (order: 7, 786432 bytes)
[    0.497963] TCP: Hash tables configured (established 131072 bind 65536)
[    0.500165] TCP: reno registered
[    0.505051] UDP hash table entries: 512 (order: 2, 16384 bytes)
[    0.510417] UDP-Lite hash table entries: 512 (order: 2, 16384 bytes)
[    0.514079] NET: Registered protocol family 1
[    0.519466] RPC: Registered named UNIX socket transport module.
[    0.523152] RPC: Registered udp transport module.
[    0.526880] RPC: Registered tcp transport module.
[    0.532284] RPC: Registered tcp NFSv4.1 backchannel transport module.
[    0.537929] audit: initializing netlink socket (disabled)
[    0.541661] type=2000 audit(0.520:1): initialized
[    0.546117] highmem bounce pool size: 64 pages
[    0.558100] VFS: Disk quotas dquot_6.5.2
[    0.563597] Dquot-cache hash table entries: 1024 (order 0, 4096 bytes)
[    0.570695] squashfs: version 4.0 (2009/01/31) Phillip Lougher
[    0.575422] NFS: Registering the id_resolver key type
[    0.580142] NTFS driver 2.1.30 [Flags: R/W].
[    0.583701] fuse init (API version 7.18)
[    0.587279] msgmni has been set to 1412
[    0.595242] alg: No test for stdrng (krng)
[    0.602001] Block layer SCSI generic (bsg) driver version 0.4 loaded (major 252)
[    0.605144] io scheduler noop registered
[    0.609256] io scheduler deadline registered (default)
[    0.612106] io scheduler cfq registered
[    0.616992] sunxi disp driver loaded (/dev/disp api 1.0)
[    0.622630] Serial: 8250/16550 driver, 32 ports, IRQ sharing disabled
[    0.631016] [uart]: used uart info.: 0x8d
[    0.635799] [uart]: serial probe 0 irq 33 mapbase 0x01c28000
[    0.662200] sunxi-uart.0: ttyS0 at MMIO 0x1c28000 (irq = 33) is a U6_16550A
[    1.266076] console [ttyS0] enabled
[    1.274471] [uart]: serial probe 2 irq 35 mapbase 0x01c28800
[    1.306411] sunxi-uart.2: ttyS1 at MMIO 0x1c28800 (irq = 35) is a U6_16550A
[    1.318250] [uart]: serial probe 3 irq 36 mapbase 0x01c28c00
[    1.350142] sunxi-uart.3: ttyS2 at MMIO 0x1c28c00 (irq = 36) is a U6_16550A
[    1.361969] [uart]: serial probe 7 irq 52 mapbase 0x01c29c00
[    1.393839] sunxi-uart.7: ttyS3 at MMIO 0x1c29c00 (irq = 52) is a U6_16550A
[    1.403412] G2D: drv_g2d_init
[    1.406760] G2D: Module initialized.major:250
[    1.420265] brd: module loaded
[    1.428856] loop: module loaded
[    1.435954] gpio count < =0 ,gpio_count is: 0
[    1.446241] sw_ahci sw_ahci.0: controller can't do PMP, turning off CAP_PMP
[    1.457722] ahci: SSS flag set, parallel bus scan disabled
[    1.470657] sw_ahci sw_ahci.0: AHCI 0001.0100 32 slots 1 ports 3 Gbps 0x1 impl platform mode
[    1.485986] sw_ahci sw_ahci.0: flags: ncq sntf stag pm led clo only pio slum part ccc 
[    1.497337] scsi0 : sw_ahci_platform
[    1.508184] ata1: SATA max UDMA/133 mmio [mem 0x01c18000-0x01c18fff] port 0x100 irq 88
[    1.520365] Fixed MDIO Bus: probed
[    1.528535] eth%d: device MAC address 02:05:06:01:82:40
[    1.536800] gmac_para gpio count is 18
[    1.542031] [gmac]: sun6i_gmac platform driver registration completed
[    1.545345] PPP generic driver version 2.4.2
[    1.553557] PPP BSD Compression module registered
[    1.562300] PPP Deflate Compression module registered
[    1.570766] NET: Registered protocol family 24
[    1.581033] ehci_hcd: USB 2.0 'Enhanced' Host Controller (EHCI) Driver
[    1.592791] ohci_hcd: USB 1.1 'Open' Host Controller (OHCI) Driver
[    1.601424] [sw-ehci1]: open clock
[    1.624109] [sw-ehci1]: Set USB Power ON
[    1.630548] sw-ehci sw-ehci.1: SW USB2.0 'Enhanced' Host Controller (EHCI) Driver
[    1.644323] sw-ehci sw-ehci.1: new USB bus registered, assigned bus number 1
[    1.655796] sw-ehci sw-ehci.1: irq 71, io mem 0x01c14000
[    1.685128] sw-ehci sw-ehci.1: USB 2.0 started, EHCI 1.00
[    1.696380] usb usb1: New USB device found, idVendor=1d6b, idProduct=0002
[    1.709375] usb usb1: New USB device strings: Mfr=3, Product=2, SerialNumber=1
[    1.723045] usb usb1: Product: SW USB2.0 'Enhanced' Host Controller (EHCI) Driver
[    1.735064] usb usb1: Manufacturer: Linux 3.4.113+ ehci_hcd
[    1.743785] usb usb1: SerialNumber: sw-ehci
[    1.751246] hub 1-0:1.0: USB hub found
[    1.757939] hub 1-0:1.0: 1 port detected
[    1.764487] [sw-ohci1]: open clock
[    1.790636] sw-ohci sw-ohci.1: SW USB2.0 'Open' Host Controller (OHCI) Driver
[    1.804003] sw-ohci sw-ohci.1: new USB bus registered, assigned bus number 2
[    1.815383] sw-ohci sw-ohci.1: irq 96, io mem 0x01c14400
[    1.865136] ata1: SATA link down (SStatus 0 SControl 300)
[    1.880625] usb usb2: New USB device found, idVendor=1d6b, idProduct=0001
[    1.893704] usb usb2: New USB device strings: Mfr=3, Product=2, SerialNumber=1
[    1.907047] usb usb2: Product: SW USB2.0 'Open' Host Controller (OHCI) Driver
[    1.918721] usb usb2: Manufacturer: Linux 3.4.113+ ohci_hcd
[    1.927441] usb usb2: SerialNumber: sw-ohci
[    1.934907] hub 2-0:1.0: USB hub found
[    1.941557] hub 2-0:1.0: 1 port detected
[    1.948111] [sw-ehci2]: open clock
[    1.970794] [sw-ehci2]: Set USB Power ON
[    1.977244] sw-ehci sw-ehci.2: SW USB2.0 'Enhanced' Host Controller (EHCI) Driver
[    1.990972] sw-ehci sw-ehci.2: new USB bus registered, assigned bus number 3
[    2.002451] sw-ehci sw-ehci.2: irq 72, io mem 0x01c1c000
[    2.025131] sw-ehci sw-ehci.2: USB 2.0 started, EHCI 1.00
[    2.036361] usb usb3: New USB device found, idVendor=1d6b, idProduct=0002
[    2.049413] usb usb3: New USB device strings: Mfr=3, Product=2, SerialNumber=1
[    2.063119] usb usb3: Product: SW USB2.0 'Enhanced' Host Controller (EHCI) Driver
[    2.075144] usb usb3: Manufacturer: Linux 3.4.113+ ehci_hcd
[    2.083863] usb usb3: SerialNumber: sw-ehci
[    2.091269] hub 3-0:1.0: USB hub found
[    2.097946] hub 3-0:1.0: 1 port detected
[    2.104540] [sw-ohci2]: open clock
[    2.130688] sw-ohci sw-ohci.2: SW USB2.0 'Open' Host Controller (OHCI) Driver
[    2.144076] sw-ohci sw-ohci.2: new USB bus registered, assigned bus number 4
[    2.155457] sw-ohci sw-ohci.2: irq 97, io mem 0x01c1c400
[    2.230581] usb usb4: New USB device found, idVendor=1d6b, idProduct=0001
[    2.243562] usb usb4: New USB device strings: Mfr=3, Product=2, SerialNumber=1
[    2.256884] usb usb4: Product: SW USB2.0 'Open' Host Controller (OHCI) Driver
[    2.268554] usb usb4: Manufacturer: Linux 3.4.113+ ohci_hcd
[    2.277272] usb usb4: SerialNumber: sw-ohci
[    2.284678] hub 4-0:1.0: USB hub found
[    2.291332] hub 4-0:1.0: 1 port detected
[    2.299486] Initializing USB Mass Storage driver...
[    2.309529] usbcore: registered new interface driver usb-storage
[    2.319130] USB Mass Storage support registered.
[    2.328622] mousedev: PS/2 mouse device common for all mice
[    2.339300] input: sunxi-ir as /devices/virtual/input/input0
[    2.346518] IR Initial OK
[    2.351517] sunxi-rtc sunxi-rtc: Warning: RTC time is wrong!
[    2.362494] sunxi-rtc sunxi-rtc: rtc core: registered rtc as rtc0
[    2.371114] i2c /dev entries driver
[    2.378440] config i2c gpio with gpio_config api
[    2.384054] axp_mfd 0-0034: AXP (CHIP ID: 0x41) detected
[    2.395212] axp_mfd 0-0034: AXP internal temperature monitoring enabled
[    2.407126] [AXP]axp driver uning configuration failed(342)
[    2.409053] [AXP]power_start = 0
[    2.412112] I2C: i2c-0: AW16XX I2C adapter
[    2.419652] config i2c gpio with gpio_config api
[    2.423028] I2C: i2c-1: AW16XX I2C adapter
[    2.430545] config i2c gpio with gpio_config api
[    2.433891] I2C: i2c-2: AW16XX I2C adapter
[    2.441378] config i2c gpio with gpio_config api
[    2.444719] I2C: i2c-3: AW16XX I2C adapter
[    2.450613] [ace_drv] start!!!
[    2.453035] [ace_drv] init end!!!
[    2.454701] [pa_drv] start!!!
[    2.456918] [pa_drv] init end!!!
[    2.461011] Driver for 1-wire Dallas network protocol.
[    2.470389] invalid gpio pin in fex configuration : -1
[    2.477965] axp20_ldo1: 1300 mV 
[    2.486452] axp20_ldo2: 1800 <--> 3300 mV at 3000 mV 
[    2.496809] axp20_ldo3: 700 <--> 3500 mV at 2800 mV 
[    2.507358] axp20_ldo4: 1250 <--> 3300 mV at 2800 mV 
[    2.517804] axp20_buck2: 700 <--> 2275 mV at 1450 mV 
[    2.529381] somebody is trying to set dcdc3 range to (1300000, 1300000) uV
[    2.541303] but we keep dcdc3 = 1250000 uV from the bootloader
[    2.551399] axp20_buck3: 700 <--> 3500 mV at 1250 mV 
[    2.561305] axp20_ldoio0: 1800 <--> 3300 mV at 2800 mV 
[    2.576085] input: axp20-supplyer as /devices/platform/sunxi-i2c.0/i2c-0/0-0034/axp20-supplyer.28/input/input1
[    2.604238] axp20_ldo2: Failed to create debugfs directory
[    2.614744] device-mapper: uevent: version 1.0.3
[    2.627177] device-mapper: ioctl: 4.22.0-ioctl (2011-10-19) initialised: dm-devel@redhat.com
[    2.638938] cpuidle: using governor ladder
[    2.645967] cpuidle: using governor menu
[    2.652221] [mmc-msg] sw_mci_init
[    2.661280] [mmc-msg] MMC host used card: 0x1, boot card: 0x0, io_card 0
[    2.673257] [mmc-msg] sdc0 set round clock 400000, src 24000000
[    2.687490] [mmc-msg] sdc0 set ios: clk 0Hz bm OD pm OFF vdd 3.3V width 1 timing LEGACY(SDR12) dt B
[    2.704747] [mmc-msg] sdc0 Probe: base:0xf0154000 irq:64 sg_cpu:f0156000(4fc00000) ret 0.
[    2.717523] [mmc_pm]: failed to fetch sdio card configuration!
[    2.719969] sunxi_leds driver init
[    2.727465] Registered led device: green:ph24:led1
[    2.732498] ledtrig-cpu: registered to indicate activity on CPUs
[    2.745419] usbcore: registered new interface driver usbhid
[    2.753817] usbhid: USB HID core driver
[    2.760439] ashmem: initialized
[    2.767282] logger: created 256K log 'log_main'
[    2.775636] logger: created 256K log 'log_events'
[    2.784021] logger: created 256K log 'log_radio'
[    2.792443] logger: created 256K log 'log_system'
[    2.803058] IPv4 over IPv4 tunneling driver
[    2.810123] TCP: bic registered
[    2.815597] TCP: cubic registered
[    2.821442] TCP: westwood registered
[    2.827650] TCP: highspeed registered
[    2.833608] TCP: hybla registered
[    2.839105] TCP: htcp registered
[    2.844626] TCP: vegas registered
[    2.850123] TCP: veno registered
[    2.855893] TCP: scalable registered
[    2.861476] TCP: lp registered
[    2.866725] TCP: yeah registered
[    2.872481] TCP: illinois registered
[    2.879288] Initializing XFRM netlink socket
[    2.887599] NET: Registered protocol family 10
[    2.896538] NET: Registered protocol family 17
[    2.904488] NET: Registered protocol family 15
[    2.913593] [mmc_pm]: No sdio card, please check your config !!
[    2.917291] Registering the dns_resolver key type
[    2.924158] VFP support v0.3: implementor 41 architecture 2 part 30 variant 7 rev 4
[    2.940412] Registering SWP/SWPB emulation handler
[    2.949844] axp20_buck2: Failed to create debugfs directory
[    2.961606] [cpu_freq] INF:-------------------V-F Table-------------------
[    2.973568] [cpu_freq] INF:	voltage = 1450mv 	frequency = 1008MHz
[    2.984718] [cpu_freq] INF:	voltage = 1425mv 	frequency =  912MHz
[    2.995868] [cpu_freq] INF:	voltage = 1350mv 	frequency =  864MHz
[    3.007014] [cpu_freq] INF:	voltage = 1250mv 	frequency =  720MHz
[    3.018157] [cpu_freq] INF:	voltage = 1150mv 	frequency =  528MHz
[    3.029304] [cpu_freq] INF:	voltage = 1100mv 	frequency =  312MHz
[    3.040447] [cpu_freq] INF:	voltage = 1050mv 	frequency =  144MHz
[    3.051592] [cpu_freq] INF:	voltage = 1000mv 	frequency =    0MHz
[    3.063570] [cpu_freq] INF:-----------------------------------------------
[    3.080197] [cpu_freq] INF:sunxi_cpufreq_initcall, get cpu frequency from sysconfig, max freq: 912MHz, min freq: 720MHz
[    3.094842] registered taskstats version 1
[    3.104558] [DISP] Unsupported mode: 1680x1050p60, ignoring
[    3.113697] I2C: i2c-4: HDMI I2C adapter
[    3.679669] [mmc-msg] mmc 0 detect change, present 1
[    4.188685] [mmc-msg] sdc0 set ios: clk 0Hz bm PP pm UP vdd 3.3V width 1 timing LEGACY(SDR12) dt B
[    4.200110] [mmc-msg] sdc0 power on
[    4.229097] [mmc-msg] sdc0 set ios: clk 400000Hz bm PP pm ON vdd 3.3V width 1 timing LEGACY(SDR12) dt B
[    4.243399] [mmc-msg] sdc0 set round clock 400000, src 24000000
[    4.326398] [mmc-err] smc 0 err, cmd 52,  RTO
[    4.334897] [mmc-err] smc 0 err, cmd 52,  RTO
[    4.347610] [mmc-msg] sdc0 set ios: clk 400000Hz bm PP pm ON vdd 3.3V width 1 timing LEGACY(SDR12) dt B
[    4.367740] [mmc-msg] sdc0 set ios: clk 400000Hz bm PP pm ON vdd 3.3V width 1 timing LEGACY(SDR12) dt B
[    4.382497] [mmc-err] smc 0 err, cmd 5,  RTO
[    4.390824] [mmc-err] smc 0 err, cmd 5,  RTO
[    4.399149] [mmc-err] smc 0 err, cmd 5,  RTO
[    4.407477] [mmc-err] smc 0 err, cmd 5,  RTO
[    4.420748] [mmc-msg] sdc0 set ios: clk 400000Hz bm PP pm ON vdd 3.3V width 1 timing LEGACY(SDR12) dt B
[    4.438506] [mmc-msg] sdc0 set ios: clk 400000Hz bm PP pm ON vdd 3.3V width 1 timing LEGACY(SDR12) dt B
[    4.458636] [mmc-msg] sdc0 set ios: clk 400000Hz bm PP pm ON vdd 3.3V width 1 timing LEGACY(SDR12) dt B
[    4.500928] [mmc-msg] sdc0 set ios: clk 400000Hz bm PP pm ON vdd 3.3V width 1 timing SD-HS(SDR25) dt B
[    4.518678] [mmc-msg] sdc0 set ios: clk 50000000Hz bm PP pm ON vdd 3.3V width 1 timing SD-HS(SDR25) dt B
[    4.533321] [mmc-msg] sdc0 set round clock 42857143, src 600000000
[    4.603000] [mmc-msg] sdc0 set ios: clk 50000000Hz bm PP pm ON vdd 3.3V width 4 timing SD-HS(SDR25) dt B
[    4.616943] mmc0: new high speed SDHC card at address 0001
[    4.626307] mmcblk0: mmc0:0001 00000 29.8 GiB 
[    4.633871]  mmcblk0: p1 p2
[   13.143737] Timeout waiting for EDID info
[   13.154134] disp clks: lcd 74250000 pre_scale 1 hdmi 74250000 pll 297000000 2x 0
[   13.725929] Console: switching to colour frame buffer device 160x45
[   13.760436] axp20_buck3: incomplete constraints, leaving on
[   13.771037] axp20_buck2: incomplete constraints, leaving on
[   13.781522] axp20_ldo4: incomplete constraints, leaving on
[   13.791909] axp20_ldo3: incomplete constraints, leaving on
[   13.802302] axp20_ldo2: incomplete constraints, leaving on
[   13.812691] axp20_ldo1: incomplete constraints, leaving on
[   13.821332] console [netcon0] enabled
[   13.828654] netconsole: network logging started
[   13.837530] otg_wakelock_init: No USB transceiver found
[   13.850455] sunxi-rtc sunxi-rtc: setting system clock to 2010-01-01 00:00:00 UTC (1262304000)
[   13.861315] ALSA device list:
[   13.867471]   #0: sunxi-CODEC  Audio Codec
[   13.877763] md: Waiting for all devices to be available before autodetect
[   13.895797] md: If you don't use raid, use raid=noautodetect
[   13.905564] md: Autodetecting RAID arrays.
[   13.919575] md: Scanned 0 and added 0 devices.
[   13.932303] md: autorun ...
[   13.943786] md: ... autorun DONE.
[   13.973675] EXT4-fs (mmcblk0p2): warning: mounting unchecked fs, running e2fsck is recommended
[   14.014278] EXT4-fs (mmcblk0p2): mounted filesystem without journal. Opts: (null)
[   14.033343] VFS: Mounted root (ext4 filesystem) on device 179:2.
[   14.056912] devtmpfs: mounted
[   14.069463] Freeing init memory: 228K
[   14.989189] systemd-udevd[156]: starting version 215
[   26.656848] EXT4-fs (mmcblk0p2): re-mounted. Opts: (null)
[   27.528067] Adding 524284k swap on /swapfile1.  Priority:-1 extents:3 across:622588k SS
[   28.107834] 8021q: 802.1Q VLAN Support v1.8
[   29.650291] GMAC gpio_power_hd:gpio_direction_output
[   29.914581] eth0: device MAC address 02:05:06:01:82:40
[   29.940646] sunxi_gmac: probed
[   29.955763] eth0: PHY ID 001cc915 at 0 IRQ 0 (sunxi_gmac-0:00) active
[   29.973777] eth0: PHY ID 001cc915 at 1 IRQ 0 (sunxi_gmac-0:01)
[   35.983979] PHY: sunxi_gmac-0:00 - Link is Up - 1000/Full
[   49.063868] openvswitch: Open vSwitch switching datapath
[   50.538242] EXT4-fs (mmcblk0p2): re-mounted. Opts: (null)
[  214.160121] VT-GPIO_TEST: Initializing the Virtual Time GPIO_TEST LKM
[  214.171832] VT-GPIO_TEST: Input signal is mapped to IRQ: 186
[  214.182354] VT-GPIO_TEST: Input signal is mapped to IRQ: 182
[  214.193435] VT-GPIO_TEST: The interrupt rising request result is 0
[  214.204980] VT-GPIO_TEST: The interrupt rising request result is 0
[  226.226781] VT-GPIO_TEST: Dilating 1748
[  542.923366] VT-GPIO_TEST: Dilating 1819
[  546.950122] VT-GPIO_TEST: pause
[  546.958823] VT-GPIO_TIME: TIME-RISE: 1493233759 314478347 nanoseconds
[  546.968827] VT-GPIO_TEST: Rising Edge detected
[  546.977969] VT-GPIO_ERROR: can not open /proc/1819/freeze
[  546.986680] VT-GPIO_TEST: Freezing 1819
[  546.995946] VT-GPIO_TIME: TIME-RISE: 1493233759 351602167 nanoseconds
[  547.006952] VT-GPIO_TIME: TIME-PAUSE: 0 37123820 nanoseconds
[  549.022254] VT-GPIO_TEST: resume
[  549.031174] VT-GPIO_TIME: TIME-FALL: 1493233761 386666642 nanoseconds
[  549.041042] VT-GPIO_TEST: Falling Edge detected
[  549.050211] VT-GPIO_ERROR: can not open /proc/1819/freeze
[  549.058993] VT-GPIO_TEST: Unfreezing 1819
[  549.068378] VT-GPIO_TIME: TIME-FALL: 1493233761 423876203 nanoseconds
[  549.079413] VT-GPIO_TIME: TIME-RESUME: 0 37209561 nanoseconds
[  593.927847] VT-GPIO_TEST: Dilating 1887
[  597.949428] VT-GPIO_TEST: pause
[  597.957909] VT-GPIO_TIME: TIME-RISE: 1493233810 309605120 nanoseconds
[  597.967628] VT-GPIO_TEST: Rising Edge detectedVT-DEBUG: returning from freeze_time with 1493233810329254716n sec and kill status 0 
[  597.990510] VT-GPIO_TEST: Freezing 1887
[  597.999743] VT-GPIO_TIME: TIME-RISE: 1493233810 351428366 nanoseconds
[  598.010648] VT-GPIO_TIME: TIME-PAUSE: 0 41823246 nanoseconds
[  600.024289] VT-GPIO_TEST: resume
[  600.033167] VT-GPIO_TIME: TIME-FALL: 1493233812 384697897 nanoseconds
[  600.042901] VT-GPIO_TEST: Falling Edge detectedVT-DEBUG: returning from unfreeze_time with 1493233812404360992n nsec and kill status 0
[  600.066280] VT-GPIO_TEST: Unfreezing 1887
[  600.075597] VT-GPIO_TIME: TIME-FALL: 1493233812 427130013 nanoseconds
[  600.086525] VT-GPIO_TIME: TIME-RESUME: 0 42432116 nanoseconds
[  602.103679] VT-GPIO_TEST: pause
[  602.112649] VT-GPIO_TIME: TIME-RISE: 1493233814 464012972 nanoseconds
[  602.122624] VT-GPIO_TEST: Rising Edge detectedVT-DEBUG: returning from freeze_time with 1493233814484075703n sec and kill status 0 
[  602.145947] VT-GPIO_TEST: Freezing 1887
[  602.155287] VT-GPIO_TIME: TIME-RISE: 1493233814 506651196 nanoseconds
[  602.166302] VT-GPIO_TIME: TIME-PAUSE: 0 42638224 nanoseconds
[  604.181606] VT-GPIO_TEST: resume
[  604.191093] VT-GPIO_TIME: TIME-FALL: 1493233816 542286043 nanoseconds
[  604.200960] VT-GPIO_TEST: Falling Edge detectedVT-DEBUG: returning from unfreeze_time with 1493233816569834732n nsec and kill status 0
[  604.240055] VT-GPIO_TEST: Unfreezing 1887
[  604.257528] VT-GPIO_TIME: TIME-FALL: 1493233816 608733331 nanoseconds
[  604.268564] VT-GPIO_TIME: TIME-RESUME: 0 66447288 nanoseconds
[  606.292369] VT-GPIO_TEST: pause
[  606.317132] VT-GPIO_TIME: TIME-RISE: 1493233818 668168202 nanoseconds
[  606.327138] VT-GPIO_TEST: Rising Edge detectedVT-DEBUG: returning from freeze_time with 1493233818696293306n sec and kill status 0 
[  606.366895] VT-GPIO_TEST: Freezing 1887
[  606.384683] VT-GPIO_TIME: TIME-RISE: 1493233818 735716614 nanoseconds
[  606.395688] VT-GPIO_TIME: TIME-PAUSE: 0 67548412 nanoseconds
[  608.419885] VT-GPIO_TEST: resume
[  608.446718] VT-GPIO_TIME: TIME-FALL: 1493233820 797582254 nanoseconds
[  608.456585] VT-GPIO_TEST: Falling Edge detectedVT-DEBUG: returning from unfreeze_time with 1493233820826192569n nsec and kill status 0
[  608.497778] VT-GPIO_TEST: Unfreezing 1887
[  608.516237] VT-GPIO_TIME: TIME-FALL: 1493233820 867110386 nanoseconds
[  608.527272] VT-GPIO_TIME: TIME-RESUME: 0 69528132 nanoseconds
[  610.551667] VT-GPIO_TEST: pause
[  610.578820] VT-GPIO_TIME: TIME-RISE: 1493233822 929522983 nanoseconds
[  610.588781] VT-GPIO_TEST: Rising Edge detectedVT-DEBUG: returning from freeze_time with 1493233822958645677n sec and kill status 0 
[  610.630324] VT-GPIO_TEST: Freezing 1887
[  610.649164] VT-GPIO_TIME: TIME-RISE: 1493233822 999865137 nanoseconds
[  610.660189] VT-GPIO_TIME: TIME-PAUSE: 0 70342154 nanoseconds
[  612.685047] VT-GPIO_TEST: resume
[  612.713367] VT-GPIO_TIME: TIME-FALL: 1493233825 63982519 nanoseconds
[  612.723187] VT-GPIO_TEST: Falling Edge detectedVT-DEBUG: returning from unfreeze_time with 1493233825093288697n nsec and kill status 0
[  612.766094] VT-GPIO_TEST: Unfreezing 1887
[  612.785413] VT-GPIO_TIME: TIME-FALL: 1493233825 135954292 nanoseconds
[  612.796449] VT-GPIO_TIME: TIME-RESUME: 0 71971773 nanoseconds
[  614.718077] VT-GPIO_TEST: pause
[  614.746062] VT-GPIO_TIME: TIME-RISE: 1493233827 96530188 nanoseconds
[  614.756002] VT-GPIO_TEST: Rising Edge detectedVT-DEBUG: returning from freeze_time with 1493233827126107595n sec and kill status 0 
[  614.798617] VT-GPIO_TEST: Freezing 1887
[  614.817884] VT-GPIO_TIME: TIME-RISE: 1493233827 168260234 nanoseconds
[  614.828885] VT-GPIO_TIME: TIME-PAUSE: 0 71730046 nanoseconds
[  616.854503] VT-GPIO_TEST: resume
[  616.883043] VT-GPIO_TIME: TIME-FALL: 1493233829 233249589 nanoseconds
[  616.892952] VT-GPIO_TEST: Falling Edge detectedVT-DEBUG: returning from unfreeze_time with 1493233829262783707n nsec and kill status 0
[  616.935880] VT-GPIO_TEST: Unfreezing 1887
[  616.955182] VT-GPIO_TIME: TIME-FALL: 1493233829 305398725 nanoseconds
[  616.966216] VT-GPIO_TIME: TIME-RESUME: 0 72149136 nanoseconds
[  618.887651] VT-GPIO_TEST: pause
[  618.915680] VT-GPIO_TIME: TIME-RISE: 1493233831 265737513 nanoseconds
[  618.925634] VT-GPIO_TEST: Rising Edge detectedVT-DEBUG: returning from freeze_time with 1493233831295418620n sec and kill status 0 
[  618.968240] VT-GPIO_TEST: Freezing 1887
[  618.987461] VT-GPIO_TIME: TIME-RISE: 1493233831 337513013 nanoseconds
[  618.998464] VT-GPIO_TIME: TIME-PAUSE: 0 71775500 nanoseconds
[  621.023598] VT-GPIO_TEST: resume
[  621.052211] VT-GPIO_TIME: TIME-FALL: 1493233833 402090317 nanoseconds
[  621.062119] VT-GPIO_TEST: Falling Edge detectedVT-DEBUG: returning from unfreeze_time with 1493233833431650601n nsec and kill status 0
[  621.105104] VT-GPIO_TEST: Unfreezing 1887
[  621.124412] VT-GPIO_TIME: TIME-FALL: 1493233833 474304530 nanoseconds
[  621.135448] VT-GPIO_TIME: TIME-RESUME: 0 72214213 nanoseconds
[  623.056768] VT-GPIO_TEST: pause
[  623.084963] VT-GPIO_TIME: TIME-RISE: 1493233835 434690398 nanoseconds
[  623.094927] VT-GPIO_TEST: Rising Edge detectedVT-DEBUG: returning from freeze_time with 1493233835464366510n sec and kill status 0 
[  623.137538] VT-GPIO_TEST: Freezing 1887
[  623.156776] VT-GPIO_TIME: TIME-RISE: 1493233835 506507521 nanoseconds
[  623.167775] VT-GPIO_TIME: TIME-PAUSE: 0 71817123 nanoseconds
[  625.192884] VT-GPIO_TEST: resume
[  625.221495] VT-GPIO_TIME: TIME-FALL: 1493233837 571053201 nanoseconds
[  625.231402] VT-GPIO_TEST: Falling Edge detectedVT-DEBUG: returning from unfreeze_time with 1493233837600599114n nsec and kill status 0
[  625.274366] VT-GPIO_TEST: Unfreezing 1887
[  625.293681] VT-GPIO_TIME: TIME-FALL: 1493233837 643249876 nanoseconds
[  625.304715] VT-GPIO_TIME: TIME-RESUME: 0 72196675 nanoseconds
[  627.226030] VT-GPIO_TEST: pause
[  627.254087] VT-GPIO_TIME: TIME-RISE: 1493233839 603492839 nanoseconds
[  627.264089] VT-GPIO_TEST: Rising Edge detectedVT-DEBUG: returning from freeze_time with 1493233839633206444n sec and kill status 0 
[  627.306775] VT-GPIO_TEST: Freezing 1887
[  627.326016] VT-GPIO_TIME: TIME-RISE: 1493233839 675421119 nanoseconds
[  627.337018] VT-GPIO_TIME: TIME-PAUSE: 0 71928280 nanoseconds
[  629.362115] VT-GPIO_TEST: resume
[  629.390722] VT-GPIO_TIME: TIME-FALL: 1493233841 739954176 nanoseconds
[  629.400628] VT-GPIO_TEST: Falling Edge detectedVT-DEBUG: returning from unfreeze_time with 1493233841769508418n nsec and kill status 0
[  629.443613] VT-GPIO_TEST: Unfreezing 1887
[  629.462936] VT-GPIO_TIME: TIME-FALL: 1493233841 812179599 nanoseconds
[  629.473972] VT-GPIO_TIME: TIME-RESUME: 0 72225423 nanoseconds
[  631.395378] VT-GPIO_TEST: pause
[  631.423462] VT-GPIO_TIME: TIME-RISE: 1493233843 772542052 nanoseconds
[  631.433476] VT-GPIO_TEST: Rising Edge detectedVT-DEBUG: returning from freeze_time with 1493233843802354608n sec and kill status 0 
[  631.476210] VT-GPIO_TEST: Freezing 1887
[  631.495535] VT-GPIO_TIME: TIME-RISE: 1493233843 844614195 nanoseconds
[  631.506546] VT-GPIO_TIME: TIME-PAUSE: 0 72072143 nanoseconds
[  633.531706] VT-GPIO_TEST: resume
[  633.560286] VT-GPIO_TIME: TIME-FALL: 1493233845 909193708 nanoseconds
[  633.570198] VT-GPIO_TEST: Falling Edge detectedVT-DEBUG: returning from unfreeze_time with 1493233845938763364n nsec and kill status 0
[  633.613199] VT-GPIO_TEST: Unfreezing 1887
[  633.632527] VT-GPIO_TIME: TIME-FALL: 1493233845 981445336 nanoseconds
[  633.643564] VT-GPIO_TIME: TIME-RESUME: 0 72251628 nanoseconds
[  635.564945] VT-GPIO_TEST: pause
[  635.592968] VT-GPIO_TIME: TIME-RISE: 1493233847 941724836 nanoseconds
[  635.602966] VT-GPIO_TEST: Rising Edge detectedVT-DEBUG: returning from freeze_time with 1493233847971441192n sec and kill status 0 
[  635.645597] VT-GPIO_TEST: Freezing 1887
[  635.664866] VT-GPIO_TIME: TIME-RISE: 1493233848 13705194 nanoseconds
[  635.676838] VT-GPIO_TIME: TIME-PAUSE: 1 18446744072781531974 nanoseconds
[  637.703113] VT-GPIO_TEST: resume
[  637.731690] VT-GPIO_TIME: TIME-FALL: 1493233850 80357672 nanoseconds
[  637.741468] VT-GPIO_TEST: Falling Edge detectedVT-DEBUG: returning from unfreeze_time with 1493233850109723427n nsec and kill status 0
[  637.784512] VT-GPIO_TEST: Unfreezing 1887
[  637.803873] VT-GPIO_TIME: TIME-FALL: 1493233850 152468770 nanoseconds
[  637.814909] VT-GPIO_TIME: TIME-RESUME: 0 72111098 nanoseconds
[  639.839913] VT-GPIO_TEST: pause
[  639.868075] VT-GPIO_TIME: TIME-RISE: 1493233852 216500950 nanoseconds
[  639.878029] VT-GPIO_TEST: Rising Edge detectedVT-DEBUG: returning from freeze_time with 1493233852246269759n sec and kill status 0 
[  639.920876] VT-GPIO_TEST: Freezing 1887
[  639.940189] VT-GPIO_TIME: TIME-RISE: 1493233852 288614423 nanoseconds
[  639.951207] VT-GPIO_TIME: TIME-PAUSE: 0 72113473 nanoseconds
[  641.976298] VT-GPIO_TEST: resume
[  642.004978] VT-GPIO_TIME: TIME-FALL: 1493233854 353231474 nanoseconds
[  642.014846] VT-GPIO_TEST: Falling Edge detectedVT-DEBUG: returning from unfreeze_time with 1493233854382792214n nsec and kill status 0
[  642.057934] VT-GPIO_TEST: Unfreezing 1887
[  642.077310] VT-GPIO_TIME: TIME-FALL: 1493233854 425571720 nanoseconds
[  642.088348] VT-GPIO_TIME: TIME-RESUME: 0 72340246 nanoseconds
[  644.113676] VT-GPIO_TEST: pause
[  644.142235] VT-GPIO_TIME: TIME-RISE: 1493233856 490322554 nanoseconds
[  644.152076] VT-GPIO_TEST: Rising Edge detectedVT-DEBUG: returning from freeze_time with 1493233856519847214n sec and kill status 0 
[  644.194668] VT-GPIO_TEST: Freezing 1887
[  644.213952] VT-GPIO_TIME: TIME-RISE: 1493233856 562045849 nanoseconds
[  644.224954] VT-GPIO_TIME: TIME-PAUSE: 0 71723295 nanoseconds
[  646.250068] VT-GPIO_TEST: resume
[  646.278421] VT-GPIO_TIME: TIME-FALL: 1493233858 626344048 nanoseconds
[  646.288268] VT-GPIO_TEST: Falling Edge detectedVT-DEBUG: returning from unfreeze_time with 1493233858655847210n nsec and kill status 0
[  646.331446] VT-GPIO_TEST: Unfreezing 1887
[  646.350844] VT-GPIO_TIME: TIME-FALL: 1493233858 698772619 nanoseconds
[  646.361880] VT-GPIO_TIME: TIME-RESUME: 0 72428571 nanoseconds
[66064.882006] VT-GPIO_TIME: TIME-FALL: 1493299271 759561959 nanoseconds
[66064.901717] VT-GPIO_TEST: Falling Edge detected
[66064.920480] VT-GPIO_ERROR: can not open /proc/1887/freeze
[66064.948512] VT-GPIO_TEST: Unfreezing 1887
[66064.967493] VT-GPIO_TIME: TIME-FALL: 1493299271 845059876 nanoseconds
[66064.978528] VT-GPIO_TIME: TIME-RESUME: 0 85497917 nanoseconds
[66066.036314] VT-GPIO_TIME: TIME-FALL: 1493299272 913777175 nanoseconds
[66066.055592] VT-GPIO_TEST: Falling Edge detected
[66066.073932] VT-GPIO_ERROR: can not open /proc/1887/freeze
[66066.101111] VT-GPIO_TEST: Unfreezing 1887
[66066.119669] VT-GPIO_TIME: TIME-FALL: 1493299272 997138935 nanoseconds
[66066.130705] VT-GPIO_TIME: TIME-RESUME: 0 83361760 nanoseconds
[66067.191152] VT-GPIO_TIME: TIME-FALL: 1493299274 68606713 nanoseconds
[66067.209967] VT-GPIO_TEST: Falling Edge detected
[66067.227898] VT-GPIO_ERROR: can not open /proc/1887/freeze
[66067.254242] VT-GPIO_TEST: Unfreezing 1887
[66067.272361] VT-GPIO_TIME: TIME-FALL: 1493299274 149733417 nanoseconds
[66067.283397] VT-GPIO_TIME: TIME-RESUME: 0 81126704 nanoseconds
[66068.420147] VT-GPIO_TIME: TIME-FALL: 1493299275 297409347 nanoseconds
[66068.438563] VT-GPIO_TEST: Falling Edge detected
[66068.456023] VT-GPIO_ERROR: can not open /proc/1887/freeze
[66068.481473] VT-GPIO_TEST: Unfreezing 1887
[66068.499170] VT-GPIO_TIME: TIME-FALL: 1493299275 376441267 nanoseconds
[66068.510204] VT-GPIO_TIME: TIME-RESUME: 0 79031920 nanoseconds
[66069.693433] VT-GPIO_TIME: TIME-FALL: 1493299276 570587221 nanoseconds
[66069.711459] VT-GPIO_TEST: Falling Edge detected
[66069.728520] VT-GPIO_ERROR: can not open /proc/1887/freeze
[66069.753169] VT-GPIO_TEST: Unfreezing 1887
[66069.770452] VT-GPIO_TIME: TIME-FALL: 1493299276 647616975 nanoseconds
[66069.781488] VT-GPIO_TIME: TIME-RESUME: 0 77029754 nanoseconds
[66070.861815] VT-GPIO_TIME: TIME-FALL: 1493299277 738875340 nanoseconds
[66070.879395] VT-GPIO_TEST: Falling Edge detected
[66070.896032] VT-GPIO_ERROR: can not open /proc/1887/freeze
[66070.919817] VT-GPIO_TEST: Unfreezing 1887
[66070.936677] VT-GPIO_TIME: TIME-FALL: 1493299277 813744069 nanoseconds
[66070.947711] VT-GPIO_TIME: TIME-RESUME: 0 74868729 nanoseconds
[66072.029892] VT-GPIO_TIME: TIME-FALL: 1493299278 906854736 nanoseconds
[66072.047060] VT-GPIO_TEST: Falling Edge detected
[66072.063287] VT-GPIO_ERROR: can not open /proc/1887/freeze
[66072.086273] VT-GPIO_TEST: Unfreezing 1887
[66072.102730] VT-GPIO_TIME: TIME-FALL: 1493299278 979698841 nanoseconds
[66072.113765] VT-GPIO_TIME: TIME-RESUME: 0 72844105 nanoseconds
[66073.197950] VT-GPIO_TIME: TIME-FALL: 1493299280 74900751 nanoseconds
[66073.214613] VT-GPIO_TEST: Falling Edge detected
[66073.230413] VT-GPIO_ERROR: can not open /proc/1887/freeze
[66073.252531] VT-GPIO_TEST: Unfreezing 1887
[66073.268534] VT-GPIO_TIME: TIME-FALL: 1493299280 145405178 nanoseconds
[66073.279569] VT-GPIO_TIME: TIME-RESUME: 0 70504427 nanoseconds
[66074.373441] VT-GPIO_TIME: TIME-FALL: 1493299281 250205076 nanoseconds
[66074.390161] VT-GPIO_TEST: Falling Edge detected
[66074.405954] VT-GPIO_ERROR: can not open /proc/1887/freeze
[66074.428026] VT-GPIO_TEST: Unfreezing 1887
[66074.444027] VT-GPIO_TIME: TIME-FALL: 1493299281 320800328 nanoseconds
[66074.455061] VT-GPIO_TIME: TIME-RESUME: 0 70595252 nanoseconds
[66075.541277] VT-GPIO_TIME: TIME-FALL: 1493299282 417942658 nanoseconds
[66075.557996] VT-GPIO_TEST: Falling Edge detected
[66075.573768] VT-GPIO_ERROR: can not open /proc/1887/freeze
[66075.595827] VT-GPIO_TEST: Unfreezing 1887
[66075.611823] VT-GPIO_TIME: TIME-FALL: 1493299282 488497368 nanoseconds
[66075.622857] VT-GPIO_TIME: TIME-RESUME: 0 70554710 nanoseconds
[66076.711161] VT-GPIO_TIME: TIME-FALL: 1493299283 587730612 nanoseconds
[66076.727874] VT-GPIO_TEST: Falling Edge detected
[66076.743644] VT-GPIO_ERROR: can not open /proc/1887/freeze
[66076.765719] VT-GPIO_TEST: Unfreezing 1887
[66076.781718] VT-GPIO_TIME: TIME-FALL: 1493299283 658294781 nanoseconds
[66076.792753] VT-GPIO_TIME: TIME-RESUME: 0 70564169 nanoseconds
[66077.879177] VT-GPIO_TIME: TIME-FALL: 1493299284 755650220 nanoseconds
[66077.895906] VT-GPIO_TEST: Falling Edge detected
[66077.911688] VT-GPIO_ERROR: can not open /proc/1887/freeze
[66077.933765] VT-GPIO_TEST: Unfreezing 1887
[66077.949769] VT-GPIO_TIME: TIME-FALL: 1493299284 826247473 nanoseconds
[66077.960802] VT-GPIO_TIME: TIME-RESUME: 0 70597253 nanoseconds
[66079.047591] VT-GPIO_TIME: TIME-FALL: 1493299285 923965297 nanoseconds
[66079.064302] VT-GPIO_TEST: Falling Edge detected
[66079.080071] VT-GPIO_ERROR: can not open /proc/1887/freeze
[66079.102153] VT-GPIO_TEST: Unfreezing 1887
[66079.118165] VT-GPIO_TIME: TIME-FALL: 1493299285 994545963 nanoseconds
[66079.129200] VT-GPIO_TIME: TIME-RESUME: 0 70580666 nanoseconds
[66080.215804] VT-GPIO_TIME: TIME-FALL: 1493299287 92165757 nanoseconds
[66080.232457] VT-GPIO_TEST: Falling Edge detected
[66080.248249] VT-GPIO_ERROR: can not open /proc/1887/freeze
[66080.270322] VT-GPIO_TEST: Unfreezing 1887
[66080.286333] VT-GPIO_TIME: TIME-FALL: 1493299287 162616436 nanoseconds
[66080.297367] VT-GPIO_TIME: TIME-RESUME: 0 70450679 nanoseconds
[66081.383659] VT-GPIO_TIME: TIME-FALL: 1493299288 259839180 nanoseconds
[66081.400387] VT-GPIO_TEST: Falling Edge detected
[66081.416170] VT-GPIO_ERROR: can not open /proc/1887/freeze
[66081.438253] VT-GPIO_TEST: Unfreezing 1887
[66081.454254] VT-GPIO_TIME: TIME-FALL: 1493299288 330439801 nanoseconds
[66081.465289] VT-GPIO_TIME: TIME-RESUME: 0 70600621 nanoseconds
[66082.551619] VT-GPIO_TIME: TIME-FALL: 1493299289 427700003 nanoseconds
[66082.568346] VT-GPIO_TEST: Falling Edge detected
[66082.584143] VT-GPIO_ERROR: can not open /proc/1887/freeze
[66082.606244] VT-GPIO_TEST: Unfreezing 1887
[66082.622263] VT-GPIO_TIME: TIME-FALL: 1493299289 498351248 nanoseconds
[66082.633299] VT-GPIO_TIME: TIME-RESUME: 0 70651245 nanoseconds
[66083.721471] VT-GPIO_TIME: TIME-FALL: 1493299290 597452334 nanoseconds
[66083.738218] VT-GPIO_TEST: Falling Edge detected
[66083.754009] VT-GPIO_ERROR: can not open /proc/1887/freeze
[66083.776124] VT-GPIO_TEST: Unfreezing 1887
[66083.792131] VT-GPIO_TIME: TIME-FALL: 1493299290 668120327 nanoseconds
[66083.803167] VT-GPIO_TIME: TIME-RESUME: 0 70667993 nanoseconds
[66084.894745] VT-GPIO_TIME: TIME-FALL: 1493299291 770626426 nanoseconds
[66084.911499] VT-GPIO_TEST: Falling Edge detected
[66084.927303] VT-GPIO_ERROR: can not open /proc/1887/freeze
[66084.949426] VT-GPIO_TEST: Unfreezing 1887
[66084.965446] VT-GPIO_TIME: TIME-FALL: 1493299291 841337123 nanoseconds
[66084.976480] VT-GPIO_TIME: TIME-RESUME: 0 70710697 nanoseconds
[66086.069166] VT-GPIO_TIME: TIME-FALL: 1493299292 944953239 nanoseconds
[66086.085912] VT-GPIO_TEST: Falling Edge detected
[66086.101715] VT-GPIO_ERROR: can not open /proc/1887/freeze
[66086.123852] VT-GPIO_TEST: Unfreezing 1887
[66086.139786] VT-GPIO_TIME: TIME-FALL: 1493299293 15665061 nanoseconds
[66086.151771] VT-GPIO_TIME: TIME-RESUME: 1 18446744072780263438 nanoseconds
[66087.245336] VT-GPIO_TIME: TIME-FALL: 1493299294 121022990 nanoseconds
[66087.262094] VT-GPIO_TEST: Falling Edge detected
[66087.277921] VT-GPIO_ERROR: can not open /proc/1887/freeze
[66087.300089] VT-GPIO_TEST: Unfreezing 1887
[66087.316144] VT-GPIO_TIME: TIME-FALL: 1493299294 191838802 nanoseconds
[66087.327180] VT-GPIO_TIME: TIME-RESUME: 0 70815812 nanoseconds
[66088.517885] VT-GPIO_TIME: TIME-FALL: 1493299295 393463995 nanoseconds
[66088.534657] VT-GPIO_TEST: Falling Edge detected
[66088.550481] VT-GPIO_ERROR: can not open /proc/1887/freeze
[66088.572648] VT-GPIO_TEST: Unfreezing 1887
[66088.588698] VT-GPIO_TIME: TIME-FALL: 1493299295 464286308 nanoseconds
[66088.599732] VT-GPIO_TIME: TIME-RESUME: 0 70822313 nanoseconds
[66089.685967] VT-GPIO_TIME: TIME-FALL: 1493299296 561447799 nanoseconds
[66089.702749] VT-GPIO_TEST: Falling Edge detected
[66089.718581] VT-GPIO_ERROR: can not open /proc/1887/freeze
[66089.740751] VT-GPIO_TEST: Unfreezing 1887
[66089.756791] VT-GPIO_TIME: TIME-FALL: 1493299296 632280817 nanoseconds
[66089.767825] VT-GPIO_TIME: TIME-RESUME: 0 70833018 nanoseconds
[66090.861676] VT-GPIO_TIME: TIME-FALL: 1493299297 737059420 nanoseconds
[66090.878445] VT-GPIO_TEST: Falling Edge detected
[66090.894281] VT-GPIO_ERROR: can not open /proc/1887/freeze
[66090.916451] VT-GPIO_TEST: Unfreezing 1887
[66090.932501] VT-GPIO_TIME: TIME-FALL: 1493299297 807892064 nanoseconds
[66090.943534] VT-GPIO_TIME: TIME-RESUME: 0 70832644 nanoseconds
[66092.126976] VT-GPIO_TIME: TIME-FALL: 1493299299 2422477 nanoseconds
[66092.143596] VT-GPIO_TEST: Falling Edge detected
[66092.159425] VT-GPIO_ERROR: can not open /proc/1887/freeze
[66092.181577] VT-GPIO_TEST: Unfreezing 1887
[66092.197518] VT-GPIO_TIME: TIME-FALL: 1493299299 72889696 nanoseconds
[66092.208462] VT-GPIO_TIME: TIME-RESUME: 0 70467219 nanoseconds
[66093.264620] VT-GPIO_TIME: TIME-FALL: 1493299300 139800304 nanoseconds
[66093.281392] VT-GPIO_TEST: Falling Edge detected
[66093.297209] VT-GPIO_ERROR: can not open /proc/1887/freeze
[66093.319334] VT-GPIO_TEST: Unfreezing 1887
[66093.335354] VT-GPIO_TIME: TIME-FALL: 1493299300 210543709 nanoseconds
[66093.346388] VT-GPIO_TIME: TIME-RESUME: 0 70743405 nanoseconds
[66094.488029] VT-GPIO_TIME: TIME-FALL: 1493299301 363105887 nanoseconds
[66094.504788] VT-GPIO_TEST: Falling Edge detected
[66094.520600] VT-GPIO_ERROR: can not open /proc/1887/freeze
[66094.542738] VT-GPIO_TEST: Unfreezing 1887
[66094.558768] VT-GPIO_TIME: TIME-FALL: 1493299301 433855706 nanoseconds
[66094.569804] VT-GPIO_TIME: TIME-RESUME: 0 70749819 nanoseconds
[66095.710133] VT-GPIO_TIME: TIME-FALL: 1493299302 585106997 nanoseconds
[66095.726902] VT-GPIO_TEST: Falling Edge detected
[66095.742725] VT-GPIO_ERROR: can not open /proc/1887/freeze
[66095.764824] VT-GPIO_TEST: Unfreezing 1887
[66095.780818] VT-GPIO_TIME: TIME-FALL: 1493299302 655802900 nanoseconds
[66095.791853] VT-GPIO_TIME: TIME-RESUME: 0 70695903 nanoseconds
[66096.842927] VT-GPIO_TIME: TIME-FALL: 1493299303 717810299 nanoseconds
[66096.859654] VT-GPIO_TEST: Falling Edge detected
[66096.875438] VT-GPIO_ERROR: can not open /proc/1887/freeze
[66096.897518] VT-GPIO_TEST: Unfreezing 1887
[66096.913513] VT-GPIO_TIME: TIME-FALL: 1493299303 788403088 nanoseconds
[66096.924548] VT-GPIO_TIME: TIME-RESUME: 0 70592789 nanoseconds
[66097.975419] VT-GPIO_TIME: TIME-FALL: 1493299304 850208418 nanoseconds
[66097.992162] VT-GPIO_TEST: Falling Edge detected
[66098.007936] VT-GPIO_ERROR: can not open /proc/1887/freeze
[66098.030023] VT-GPIO_TEST: Unfreezing 1887
[66098.046024] VT-GPIO_TIME: TIME-FALL: 1493299304 920818746 nanoseconds
[66098.057058] VT-GPIO_TIME: TIME-RESUME: 0 70610328 nanoseconds
[66099.108438] VT-GPIO_TIME: TIME-FALL: 1493299305 983128870 nanoseconds
[66099.125166] VT-GPIO_TEST: Falling Edge detected
[66099.140945] VT-GPIO_ERROR: can not open /proc/1887/freeze
[66099.163011] VT-GPIO_TEST: Unfreezing 1887
[66099.178921] VT-GPIO_TIME: TIME-FALL: 1493299306 53708450 nanoseconds
[66099.190907] VT-GPIO_TIME: TIME-RESUME: 1 18446744072780131196 nanoseconds
[66100.240903] VT-GPIO_TIME: TIME-FALL: 1493299307 115499116 nanoseconds
[66100.257638] VT-GPIO_TEST: Falling Edge detected
[66100.273445] VT-GPIO_ERROR: can not open /proc/1887/freeze
[66100.295554] VT-GPIO_TEST: Unfreezing 1887
[66100.311577] VT-GPIO_TIME: TIME-FALL: 1493299307 186181942 nanoseconds
[66100.322611] VT-GPIO_TIME: TIME-RESUME: 0 70682826 nanoseconds
[66101.377942] VT-GPIO_TIME: TIME-FALL: 1493299308 252443647 nanoseconds
[66101.394697] VT-GPIO_TEST: Falling Edge detected
[66101.410510] VT-GPIO_ERROR: can not open /proc/1887/freeze
[66101.432643] VT-GPIO_TEST: Unfreezing 1887
[66101.448677] VT-GPIO_TIME: TIME-FALL: 1493299308 323186509 nanoseconds
[66101.459710] VT-GPIO_TIME: TIME-RESUME: 0 70742862 nanoseconds
[66102.598150] VT-GPIO_TIME: TIME-FALL: 1493299309 472551331 nanoseconds
[66102.614908] VT-GPIO_TEST: Falling Edge detected
[66102.630726] VT-GPIO_ERROR: can not open /proc/1887/freeze
[66102.652897] VT-GPIO_TEST: Unfreezing 1887
[66102.668934] VT-GPIO_TIME: TIME-FALL: 1493299309 543341314 nanoseconds
[66102.679968] VT-GPIO_TIME: TIME-RESUME: 0 70789983 nanoseconds
[66103.807795] VT-GPIO_TIME: TIME-FALL: 1493299310 682094317 nanoseconds
[66103.824551] VT-GPIO_TEST: Falling Edge detected
[66103.840357] VT-GPIO_ERROR: can not open /proc/1887/freeze
[66103.862507] VT-GPIO_TEST: Unfreezing 1887
[66103.878535] VT-GPIO_TIME: TIME-FALL: 1493299310 752840513 nanoseconds
[66103.889571] VT-GPIO_TIME: TIME-RESUME: 0 70746196 nanoseconds
[66105.028615] VT-GPIO_TIME: TIME-FALL: 1493299311 902809328 nanoseconds
[66105.045389] VT-GPIO_TEST: Falling Edge detected
[66105.061198] VT-GPIO_ERROR: can not open /proc/1887/freeze
[66105.083331] VT-GPIO_TEST: Unfreezing 1887
[66105.099367] VT-GPIO_TIME: TIME-FALL: 1493299311 973570063 nanoseconds
[66105.110402] VT-GPIO_TIME: TIME-RESUME: 0 70760735 nanoseconds
[66106.160780] VT-GPIO_TIME: TIME-FALL: 1493299313 34967884 nanoseconds
[66106.177441] VT-GPIO_TEST: Falling Edge detected
[66106.193255] VT-GPIO_ERROR: can not open /proc/1887/freeze
[66106.215394] VT-GPIO_TEST: Unfreezing 1887
[66106.231430] VT-GPIO_TIME: TIME-FALL: 1493299313 105539385 nanoseconds
[66106.242466] VT-GPIO_TIME: TIME-RESUME: 0 70571501 nanoseconds
[66319.568979] VT-GPIO_TEST: Dilating 3937
[66495.279417] VT-GPIO_TIME: TIME-FALL: 1493299702 120902268 nanoseconds
[66495.289174] VT-GPIO_TEST: Falling Edge detectedVT-DEBUG: returning from unfreeze_time with 1493299702144733310n nsec and kill status 0
[66495.320813] VT-GPIO_TEST: Unfreezing 3937
[66495.334400] VT-GPIO_TIME: TIME-FALL: 1493299702 175901529 nanoseconds
[66495.345326] VT-GPIO_TIME: TIME-RESUME: 0 54999261 nanoseconds
[66496.411577] VT-GPIO_TIME: TIME-FALL: 1493299703 252967974 nanoseconds
[66496.425870] VT-GPIO_TEST: Falling Edge detectedVT-DEBUG: returning from unfreeze_time with 1493299703281483624n nsec and kill status 0
[66496.457904] VT-GPIO_TEST: Unfreezing 3937
[66496.471718] VT-GPIO_TIME: TIME-FALL: 1493299703 313124387 nanoseconds
[66496.482645] VT-GPIO_TIME: TIME-RESUME: 0 60156413 nanoseconds
[66497.502295] VT-GPIO_TIME: TIME-FALL: 1493299704 343596488 nanoseconds
[66497.516821] VT-GPIO_TEST: Falling Edge detectedVT-DEBUG: returning from unfreeze_time with 1493299704372589850n nsec and kill status 0
[66497.549341] VT-GPIO_TEST: Unfreezing 3937
[66497.563413] VT-GPIO_TIME: TIME-FALL: 1493299704 404727863 nanoseconds
[66497.574344] VT-GPIO_TIME: TIME-RESUME: 0 61131375 nanoseconds
[66498.635314] VT-GPIO_TIME: TIME-FALL: 1493299705 476520122 nanoseconds
[66498.650086] VT-GPIO_TEST: Falling Edge detectedVT-DEBUG: returning from unfreeze_time with 1493299705506008649n nsec and kill status 0
[66498.683086] VT-GPIO_TEST: Unfreezing 3937
[66498.697397] VT-GPIO_TIME: TIME-FALL: 1493299705 538617085 nanoseconds
[66498.708323] VT-GPIO_TIME: TIME-RESUME: 0 62096963 nanoseconds
[66499.765641] VT-GPIO_TIME: TIME-FALL: 1493299706 606751358 nanoseconds
[66499.780655] VT-GPIO_TEST: Falling Edge detectedVT-DEBUG: returning from unfreeze_time with 1493299706636712304n nsec and kill status 0
[66499.814132] VT-GPIO_TEST: Unfreezing 3937
[66499.828689] VT-GPIO_TIME: TIME-FALL: 1493299706 669813571 nanoseconds
[66499.839614] VT-GPIO_TIME: TIME-RESUME: 0 63062213 nanoseconds
[66500.889838] VT-GPIO_TIME: TIME-FALL: 1493299707 730854482 nanoseconds
[66500.905088] VT-GPIO_TEST: Falling Edge detectedVT-DEBUG: returning from unfreeze_time with 1493299707761313846n nsec and kill status 0
[66500.939061] VT-GPIO_TEST: Unfreezing 3937
[66500.953856] VT-GPIO_TIME: TIME-FALL: 1493299707 794886782 nanoseconds
[66500.964783] VT-GPIO_TIME: TIME-RESUME: 0 64032300 nanoseconds
[66502.014249] VT-GPIO_TIME: TIME-FALL: 1493299708 855170756 nanoseconds
[66502.029763] VT-GPIO_TEST: Falling Edge detectedVT-DEBUG: returning from unfreeze_time with 1493299708886142949n nsec and kill status 0
[66502.064250] VT-GPIO_TEST: Unfreezing 3937
[66502.079292] VT-GPIO_TIME: TIME-FALL: 1493299708 920227381 nanoseconds
[66502.090219] VT-GPIO_TIME: TIME-RESUME: 0 65056625 nanoseconds
[66503.142901] VT-GPIO_TIME: TIME-FALL: 1493299709 983728923 nanoseconds
[66503.158659] VT-GPIO_TEST: Falling Edge detectedVT-DEBUG: returning from unfreeze_time with 1493299710015182452n nsec and kill status 0
[66503.193639] VT-GPIO_TEST: Unfreezing 3937
[66503.208866] VT-GPIO_TIME: TIME-FALL: 1493299710 49793759 nanoseconds
[66503.220745] VT-GPIO_TIME: TIME-RESUME: 1 18446744072775616452 nanoseconds
[66504.231759] VT-GPIO_TIME: TIME-FALL: 1493299711 72583210 nanoseconds
[66504.247677] VT-GPIO_TEST: Falling Edge detectedVT-DEBUG: returning from unfreeze_time with 1493299711104374127n nsec and kill status 0
[66504.283161] VT-GPIO_TEST: Unfreezing 3937
[66504.298726] VT-GPIO_TIME: TIME-FALL: 1493299711 139476308 nanoseconds
[66504.309654] VT-GPIO_TIME: TIME-RESUME: 0 66893098 nanoseconds
[66505.355863] VT-GPIO_TIME: TIME-FALL: 1493299712 196504433 nanoseconds
[66505.372108] VT-GPIO_TEST: Falling Edge detectedVT-DEBUG: returning from unfreeze_time with 1493299712228805059n nsec and kill status 0
[66505.407692] VT-GPIO_TEST: Unfreezing 3937
[66505.423235] VT-GPIO_TIME: TIME-FALL: 1493299712 263889617 nanoseconds
[66505.434163] VT-GPIO_TIME: TIME-RESUME: 0 67385184 nanoseconds
[66506.484702] VT-GPIO_TIME: TIME-FALL: 1493299713 325249877 nanoseconds
[66506.500952] VT-GPIO_TEST: Falling Edge detectedVT-DEBUG: returning from unfreeze_time with 1493299713357565333n nsec and kill status 0
[66506.536544] VT-GPIO_TEST: Unfreezing 3937
[66506.552088] VT-GPIO_TIME: TIME-FALL: 1493299713 392648683 nanoseconds
[66506.563016] VT-GPIO_TIME: TIME-RESUME: 0 67398806 nanoseconds
[66507.608318] VT-GPIO_TIME: TIME-FALL: 1493299714 448770717 nanoseconds
[66507.624561] VT-GPIO_TEST: Falling Edge detectedVT-DEBUG: returning from unfreeze_time with 1493299714481075510n nsec and kill status 0
[66507.660209] VT-GPIO_TEST: Unfreezing 3937
[66507.675786] VT-GPIO_TIME: TIME-FALL: 1493299714 516246812 nanoseconds
[66507.686726] VT-GPIO_TIME: TIME-RESUME: 0 67476095 nanoseconds
[66508.733609] VT-GPIO_TIME: TIME-FALL: 1493299715 573969583 nanoseconds
[66508.749875] VT-GPIO_TEST: Falling Edge detectedVT-DEBUG: returning from unfreeze_time with 1493299715606334621n nsec and kill status 0
[66508.785572] VT-GPIO_TEST: Unfreezing 3937
[66508.801167] VT-GPIO_TIME: TIME-FALL: 1493299715 641531671 nanoseconds
[66508.812110] VT-GPIO_TIME: TIME-RESUME: 0 67562088 nanoseconds
[66509.850912] VT-GPIO_TIME: TIME-FALL: 1493299716 691175493 nanoseconds
[66509.867180] VT-GPIO_TEST: Falling Edge detectedVT-DEBUG: returning from unfreeze_time with 1493299716723563780n nsec and kill status 0
[66509.902886] VT-GPIO_TEST: Unfreezing 3937
[66509.918477] VT-GPIO_TIME: TIME-FALL: 1493299716 758750039 nanoseconds
[66509.929420] VT-GPIO_TIME: TIME-RESUME: 0 67574546 nanoseconds
[66510.968668] VT-GPIO_TIME: TIME-FALL: 1493299717 808838867 nanoseconds
[66510.984938] VT-GPIO_TEST: Falling Edge detectedVT-DEBUG: returning from unfreeze_time with 1493299717841217738n nsec and kill status 0
[66511.020629] VT-GPIO_TEST: Unfreezing 3937
[66511.036224] VT-GPIO_TIME: TIME-FALL: 1493299717 876401955 nanoseconds
[66511.047165] VT-GPIO_TIME: TIME-RESUME: 0 67563088 nanoseconds
[66512.086123] VT-GPIO_TIME: TIME-FALL: 1493299718 926197474 nanoseconds
[66512.102388] VT-GPIO_TEST: Falling Edge detectedVT-DEBUG: returning from unfreeze_time with 1493299718958579052n nsec and kill status 0
[66512.138105] VT-GPIO_TEST: Unfreezing 3937
[66512.153692] VT-GPIO_TIME: TIME-FALL: 1493299718 993778102 nanoseconds
[66512.164634] VT-GPIO_TIME: TIME-RESUME: 0 67580628 nanoseconds
[66513.203394] VT-GPIO_TIME: TIME-FALL: 1493299720 43464338 nanoseconds
[66513.219585] VT-GPIO_TEST: Falling Edge detectedVT-DEBUG: returning from unfreeze_time with 1493299720075687221n nsec and kill status 0
[66513.255307] VT-GPIO_TEST: Unfreezing 3937
[66513.270886] VT-GPIO_TIME: TIME-FALL: 1493299720 110878189 nanoseconds
[66513.281830] VT-GPIO_TIME: TIME-RESUME: 0 67413851 nanoseconds
[66514.320505] VT-GPIO_TIME: TIME-FALL: 1493299721 160395564 nanoseconds
[66514.336747] VT-GPIO_TEST: Falling Edge detectedVT-DEBUG: returning from unfreeze_time with 1493299721192738562n nsec and kill status 0
[66514.372423] VT-GPIO_TEST: Unfreezing 3937
[66514.387987] VT-GPIO_TIME: TIME-FALL: 1493299721 227884699 nanoseconds
[66514.398927] VT-GPIO_TIME: TIME-RESUME: 0 67489135 nanoseconds
[66515.437806] VT-GPIO_TIME: TIME-FALL: 1493299722 277601517 nanoseconds
[66515.454067] VT-GPIO_TEST: Falling Edge detectedVT-DEBUG: returning from unfreeze_time with 1493299722309957972n nsec and kill status 0
[66515.489729] VT-GPIO_TEST: Unfreezing 3937
[66515.505301] VT-GPIO_TIME: TIME-FALL: 1493299722 345105527 nanoseconds
[66515.516238] VT-GPIO_TIME: TIME-RESUME: 0 67504010 nanoseconds
[66516.555256] VT-GPIO_TIME: TIME-FALL: 1493299723 394960207 nanoseconds
[66516.571510] VT-GPIO_TEST: Falling Edge detectedVT-DEBUG: returning from unfreeze_time with 1493299723427312287n nsec and kill status 0
[66516.607179] VT-GPIO_TEST: Unfreezing 3937
[66516.622755] VT-GPIO_TIME: TIME-FALL: 1493299723 462466217 nanoseconds
[66516.633697] VT-GPIO_TIME: TIME-RESUME: 0 67506010 nanoseconds
[66517.672531] VT-GPIO_TIME: TIME-FALL: 1493299724 512139037 nanoseconds
[66517.688777] VT-GPIO_TEST: Falling Edge detectedVT-DEBUG: returning from unfreeze_time with 1493299724544478160n nsec and kill status 0
[66517.724442] VT-GPIO_TEST: Unfreezing 3937
[66517.740026] VT-GPIO_TIME: TIME-FALL: 1493299724 579644545 nanoseconds
[66517.750967] VT-GPIO_TIME: TIME-RESUME: 0 67505508 nanoseconds
[66518.789489] VT-GPIO_TIME: TIME-FALL: 1493299725 629005436 nanoseconds
[66518.805753] VT-GPIO_TEST: Falling Edge detectedVT-DEBUG: returning from unfreeze_time with 1493299725661371432n nsec and kill status 0
[66518.841436] VT-GPIO_TEST: Unfreezing 3937
[66518.857023] VT-GPIO_TIME: TIME-FALL: 1493299725 696546025 nanoseconds
[66518.867969] VT-GPIO_TIME: TIME-RESUME: 0 67540589 nanoseconds
[66519.985746] VT-GPIO_TIME: TIME-FALL: 1493299726 825159730 nanoseconds
[66520.001997] VT-GPIO_TEST: Falling Edge detectedVT-DEBUG: returning from unfreeze_time with 1493299726857532434n nsec and kill status 0
[66520.037720] VT-GPIO_TEST: Unfreezing 3937
[66520.053315] VT-GPIO_TIME: TIME-FALL: 1493299726 892737692 nanoseconds
[66520.064255] VT-GPIO_TIME: TIME-RESUME: 0 67577962 nanoseconds
[66521.182007] VT-GPIO_TIME: TIME-FALL: 1493299728 21407352 nanoseconds
[66521.198186] VT-GPIO_TEST: Falling Edge detectedVT-DEBUG: returning from unfreeze_time with 1493299728053613694n nsec and kill status 0
[66521.233892] VT-GPIO_TEST: Unfreezing 3937
[66521.249403] VT-GPIO_TIME: TIME-FALL: 1493299728 88811827 nanoseconds
[66521.260257] VT-GPIO_TIME: TIME-RESUME: 0 67404475 nanoseconds
[66522.378109] VT-GPIO_TIME: TIME-FALL: 1493299729 217322292 nanoseconds
[66522.394357] VT-GPIO_TEST: Falling Edge detectedVT-DEBUG: returning from unfreeze_time with 1493299729249695370n nsec and kill status 0
[66522.430067] VT-GPIO_TEST: Unfreezing 3937
[66522.445659] VT-GPIO_TIME: TIME-FALL: 1493299729 284882838 nanoseconds
[66522.456602] VT-GPIO_TIME: TIME-RESUME: 0 67560546 nanoseconds
[66523.574636] VT-GPIO_TIME: TIME-FALL: 1493299730 413750522 nanoseconds
[66523.590896] VT-GPIO_TEST: Falling Edge detectedVT-DEBUG: returning from unfreeze_time with 1493299730446119559n nsec and kill status 0
[66523.626588] VT-GPIO_TEST: Unfreezing 3937
[66523.642171] VT-GPIO_TIME: TIME-FALL: 1493299730 481293028 nanoseconds
[66523.653111] VT-GPIO_TIME: TIME-RESUME: 0 67542506 nanoseconds
[66524.770611] VT-GPIO_TIME: TIME-FALL: 1493299731 609624382 nanoseconds
[66524.786884] VT-GPIO_TEST: Falling Edge detectedVT-DEBUG: returning from unfreeze_time with 1493299731641997462n nsec and kill status 0
[66524.822554] VT-GPIO_TEST: Unfreezing 3937
[66524.838137] VT-GPIO_TIME: TIME-FALL: 1493299731 677159431 nanoseconds
[66524.849082] VT-GPIO_TIME: TIME-RESUME: 0 67535049 nanoseconds
[66525.966864] VT-GPIO_TIME: TIME-FALL: 1493299732 805778720 nanoseconds
[66525.983127] VT-GPIO_TEST: Falling Edge detectedVT-DEBUG: returning from unfreeze_time with 1493299732838147715n nsec and kill status 0
[66526.018821] VT-GPIO_TEST: Unfreezing 3937
[66526.034413] VT-GPIO_TIME: TIME-FALL: 1493299732 873336350 nanoseconds
[66526.045357] VT-GPIO_TIME: TIME-RESUME: 0 67557630 nanoseconds
[66527.112487] VT-GPIO_TIME: TIME-FALL: 1493299733 951304467 nanoseconds
[66527.128762] VT-GPIO_TEST: Falling Edge detectedVT-DEBUG: returning from unfreeze_time with 1493299733983688419n nsec and kill status 0
[66527.164457] VT-GPIO_TEST: Unfreezing 3937
[66527.179965] VT-GPIO_TIME: TIME-FALL: 1493299734 18876969 nanoseconds
[66527.191858] VT-GPIO_TIME: TIME-RESUME: 1 18446744072777124118 nanoseconds
[66528.332185] VT-GPIO_TIME: TIME-FALL: 1493299735 170900130 nanoseconds
[66528.348466] VT-GPIO_TEST: Falling Edge detectedVT-DEBUG: returning from unfreeze_time with 1493299735203296582n nsec and kill status 0
[66528.384183] VT-GPIO_TEST: Unfreezing 3937
[66528.399776] VT-GPIO_TIME: TIME-FALL: 1493299735 238500131 nanoseconds
[66528.410719] VT-GPIO_TIME: TIME-RESUME: 0 67600001 nanoseconds
[66529.559813] VT-GPIO_TIME: TIME-FALL: 1493299736 398425255 nanoseconds
[66529.576096] VT-GPIO_TEST: Falling Edge detectedVT-DEBUG: returning from unfreeze_time with 1493299736430833081n nsec and kill status 0
[66529.611832] VT-GPIO_TEST: Unfreezing 3937
[66529.627439] VT-GPIO_TIME: TIME-FALL: 1493299736 466060712 nanoseconds
[66529.638384] VT-GPIO_TIME: TIME-RESUME: 0 67635457 nanoseconds
[66530.806516] VT-GPIO_TIME: TIME-FALL: 1493299737 645022031 nanoseconds
[66530.822810] VT-GPIO_TEST: Falling Edge detectedVT-DEBUG: returning from unfreeze_time with 1493299737677440689n nsec and kill status 0
[66530.858523] VT-GPIO_TEST: Unfreezing 3937
[66530.874133] VT-GPIO_TIME: TIME-FALL: 1493299737 712648989 nanoseconds
[66530.885074] VT-GPIO_TIME: TIME-RESUME: 0 67626958 nanoseconds
[66532.041040] VT-GPIO_TIME: TIME-FALL: 1493299738 879443953 nanoseconds
[66532.057325] VT-GPIO_TEST: Falling Edge detectedVT-DEBUG: returning from unfreeze_time with 1493299738911843321n nsec and kill status 0
[66532.093028] VT-GPIO_TEST: Unfreezing 3937
[66532.108636] VT-GPIO_TIME: TIME-FALL: 1493299738 947049579 nanoseconds
[66532.119583] VT-GPIO_TIME: TIME-RESUME: 0 67605626 nanoseconds
[66533.287558] VT-GPIO_TIME: TIME-FALL: 1493299740 125860245 nanoseconds
[66533.303851] VT-GPIO_TEST: Falling Edge detected
[66533.319083] VT-GPIO_ERROR: can not open /proc/3937/freeze
[66533.339836] VT-GPIO_TEST: Unfreezing 3937
[66533.355214] VT-GPIO_TIME: TIME-FALL: 1493299740 193523449 nanoseconds
[66533.366155] VT-GPIO_TIME: TIME-RESUME: 0 67663204 nanoseconds
[66534.534538] VT-GPIO_TIME: TIME-FALL: 1493299741 372734206 nanoseconds
[66534.550448] VT-GPIO_TEST: Falling Edge detectedVT-DEBUG: returning from unfreeze_time with 1493299741404404427n nsec and kill status 0
[66534.585571] VT-GPIO_TEST: Unfreezing 3937
[66534.600947] VT-GPIO_TIME: TIME-FALL: 1493299741 439151140 nanoseconds
[66534.611890] VT-GPIO_TIME: TIME-RESUME: 0 66416934 nanoseconds
[66535.783197] VT-GPIO_TIME: TIME-FALL: 1493299742 621288861 nanoseconds
[66535.799122] VT-GPIO_TEST: Falling Edge detectedVT-DEBUG: returning from unfreeze_time with 1493299742652990579n nsec and kill status 0
[66535.834259] VT-GPIO_TEST: Unfreezing 3937
[66535.849639] VT-GPIO_TIME: TIME-FALL: 1493299742 687739624 nanoseconds
[66535.860578] VT-GPIO_TIME: TIME-RESUME: 0 66450763 nanoseconds
[66537.019279] VT-GPIO_TIME: TIME-FALL: 1493299743 857265693 nanoseconds
[66537.035182] VT-GPIO_TEST: Falling Edge detectedVT-DEBUG: returning from unfreeze_time with 1493299743888900708n nsec and kill status 0
[66537.070210] VT-GPIO_TEST: Unfreezing 3937
[66537.085536] VT-GPIO_TIME: TIME-FALL: 1493299743 923537722 nanoseconds
[66537.096464] VT-GPIO_TIME: TIME-RESUME: 0 66272029 nanoseconds
[66538.266959] VT-GPIO_TIME: TIME-FALL: 1493299745 104842012 nanoseconds
[66538.282874] VT-GPIO_TEST: Falling Edge detectedVT-DEBUG: returning from unfreeze_time with 1493299745136510025n nsec and kill status 0
[66538.317978] VT-GPIO_TEST: Unfreezing 3937
[66538.333338] VT-GPIO_TIME: TIME-FALL: 1493299745 171229032 nanoseconds
[66538.344280] VT-GPIO_TIME: TIME-RESUME: 0 66387020 nanoseconds
[66539.514673] VT-GPIO_TIME: TIME-FALL: 1493299746 352450497 nanoseconds
[66539.530586] VT-GPIO_TEST: Falling Edge detectedVT-DEBUG: returning from unfreeze_time with 1493299746384110719n nsec and kill status 0
[66539.565670] VT-GPIO_TEST: Unfreezing 3937
[66539.581026] VT-GPIO_TIME: TIME-FALL: 1493299746 418814143 nanoseconds
[66539.591968] VT-GPIO_TIME: TIME-RESUME: 0 66363646 nanoseconds
[66540.755832] VT-GPIO_TIME: TIME-FALL: 88142481 845597315 nanoseconds
[66540.771538] VT-GPIO_TEST: Falling Edge detectedVT-DEBUG: returning from unfreeze_time with 88142481876873567n nsec and kill status 0
[66540.806218] VT-GPIO_TEST: Unfreezing 3937
[66540.820641] VT-GPIO_TIME: TIME-FALL: 0 34240420 nanoseconds
[66540.833369] VT-GPIO_TIME: TIME-RESUME: 18446744073621409135 18446744072898194721 nanoseconds
[66541.901487] VT-GPIO_TIME: TIME-FALL: 1 114889232 nanoseconds
[66541.916580] VT-GPIO_TEST: Falling Edge detectedVT-DEBUG: returning from unfreeze_time with 1144948670n nsec and kill status 0
[66541.950032] VT-GPIO_TEST: Unfreezing 3937
[66541.964486] VT-GPIO_TIME: TIME-FALL: 0 33041065 nanoseconds
[66541.977214] VT-GPIO_TIME: TIME-RESUME: 18446744073709551615 18446744073627703449 nanoseconds
[66543.048334] VT-GPIO_TIME: TIME-FALL: 1 116690541 nanoseconds
[66543.063461] VT-GPIO_TEST: Falling Edge detectedVT-DEBUG: returning from unfreeze_time with 1146811182n nsec and kill status 0
[66543.097188] VT-GPIO_TEST: Unfreezing 3937
[66543.111794] VT-GPIO_TIME: TIME-FALL: 0 33432867 nanoseconds
[66543.124528] VT-GPIO_TIME: TIME-RESUME: 18446744073709551615 18446744073626293942 nanoseconds
[66544.195270] VT-GPIO_TIME: TIME-FALL: 1 116719538 nanoseconds
[66544.210528] VT-GPIO_TEST: Falling Edge detectedVT-DEBUG: returning from unfreeze_time with 1147229479n nsec and kill status 0
[66544.244586] VT-GPIO_TEST: Unfreezing 3937
[66544.259317] VT-GPIO_TIME: TIME-FALL: 0 33639846 nanoseconds
[66544.272046] VT-GPIO_TIME: TIME-RESUME: 18446744073709551615 18446744073626471924 nanoseconds
[66545.341412] VT-GPIO_TIME: TIME-FALL: 1 115535346 nanoseconds
[66545.356953] VT-GPIO_TEST: Falling Edge detectedVT-DEBUG: returning from unfreeze_time with 1146482666n nsec and kill status 0
[66545.391198] VT-GPIO_TEST: Unfreezing 3937
[66545.405954] VT-GPIO_TIME: TIME-FALL: 0 33696805 nanoseconds
[66545.418682] VT-GPIO_TIME: TIME-RESUME: 18446744073709551615 18446744073627713075 nanoseconds
[66546.487430] VT-GPIO_TIME: TIME-FALL: 1 114974353 nanoseconds
[66546.503005] VT-GPIO_TEST: Falling Edge detectedVT-DEBUG: returning from unfreeze_time with 1145993168n nsec and kill status 0
[66546.537318] VT-GPIO_TEST: Unfreezing 3937
[66546.552117] VT-GPIO_TIME: TIME-FALL: 0 33771293 nanoseconds
[66546.564846] VT-GPIO_TIME: TIME-RESUME: 18446744073709551615 18446744073628348556 nanoseconds
[66547.641842] VT-GPIO_TIME: TIME-FALL: 1 123297904 nanoseconds
[66547.657425] VT-GPIO_TEST: Falling Edge detectedVT-DEBUG: returning from unfreeze_time with 1154348384n nsec and kill status 0
[66547.691787] VT-GPIO_TEST: Unfreezing 3937
[66547.706610] VT-GPIO_TIME: TIME-FALL: 0 33817959 nanoseconds
[66547.719337] VT-GPIO_TIME: TIME-RESUME: 18446744073709551615 18446744073620071671 nanoseconds
[66548.788332] VT-GPIO_TIME: TIME-FALL: 1493299755 625335743 nanoseconds
[66548.804770] VT-GPIO_TEST: Falling Edge detectedVT-DEBUG: returning from unfreeze_time with 1493299755658090997n nsec and kill status 0
[66548.840893] VT-GPIO_TEST: Unfreezing 3937
[66548.856679] VT-GPIO_TIME: TIME-FALL: 1493299755 693689431 nanoseconds
[66548.867623] VT-GPIO_TIME: TIME-RESUME: 0 68353688 nanoseconds
[66549.935442] VT-GPIO_TIME: TIME-FALL: 18446744072216251862 602619417 nanoseconds
[66549.952787] VT-GPIO_TEST: Falling Edge detectedVT-DEBUG: returning from unfreeze_time with 16953444320346674558n nsec and kill status 0
[66549.989012] VT-GPIO_TEST: Unfreezing 3937
[66550.003904] VT-GPIO_TIME: TIME-FALL: 0 35706799 nanoseconds
[66550.015766] VT-GPIO_TIME: TIME-RESUME: 1493299754 18446744073142638998 nanoseconds
[66551.079505] VT-GPIO_TIME: TIME-FALL: 1 111109966 nanoseconds
[66551.095212] VT-GPIO_TEST: Falling Edge detectedVT-DEBUG: returning from unfreeze_time with 1142368719n nsec and kill status 0
[66551.129748] VT-GPIO_TEST: Unfreezing 3937
[66551.144676] VT-GPIO_TIME: TIME-FALL: 0 34014773 nanoseconds
[66551.157404] VT-GPIO_TIME: TIME-RESUME: 18446744073709551615 18446744073632456423 nanoseconds
[66552.227326] VT-GPIO_TIME: TIME-FALL: 1 116465310 nanoseconds
[66552.242989] VT-GPIO_TEST: Falling Edge detectedVT-DEBUG: returning from unfreeze_time with 1147678443n nsec and kill status 0
[66552.277521] VT-GPIO_TEST: Unfreezing 3937
[66552.292461] VT-GPIO_TIME: TIME-FALL: 0 34024065 nanoseconds
[66552.305192] VT-GPIO_TIME: TIME-RESUME: 18446744073709551615 18446744073627110371 nanoseconds
[66553.466184] VT-GPIO_TIME: TIME-FALL: 1 207541176 nanoseconds
[66553.481841] VT-GPIO_TEST: Falling Edge detectedVT-DEBUG: returning from unfreeze_time with 1238749102n nsec and kill status 0
[66553.516384] VT-GPIO_TEST: Unfreezing 3937
[66553.531322] VT-GPIO_TIME: TIME-FALL: 0 34033355 nanoseconds
[66553.544049] VT-GPIO_TIME: TIME-RESUME: 18446744073709551615 18446744073536043795 nanoseconds
[66554.705322] VT-GPIO_TIME: TIME-FALL: 1 207825986 nanoseconds
[66554.720972] VT-GPIO_TEST: Falling Edge detectedVT-DEBUG: returning from unfreeze_time with 1239042203n nsec and kill status 0
[66554.755514] VT-GPIO_TEST: Unfreezing 3937
[66554.770438] VT-GPIO_TIME: TIME-FALL: 0 34002816 nanoseconds
[66554.783164] VT-GPIO_TIME: TIME-RESUME: 18446744073709551615 18446744073535728446 nanoseconds
[66555.945997] VT-GPIO_TIME: TIME-FALL: 1493299762 782399561 nanoseconds
[66555.962468] VT-GPIO_TEST: Falling Edge detectedVT-DEBUG: returning from unfreeze_time with 1493299762815238559n nsec and kill status 0
[66555.998711] VT-GPIO_TEST: Unfreezing 3937
[66556.014597] VT-GPIO_TIME: TIME-FALL: 1493299762 851006853 nanoseconds
[66556.025536] VT-GPIO_TIME: TIME-RESUME: 0 68607292 nanoseconds
[66557.091780] VT-GPIO_TIME: TIME-FALL: 1493299763 928086879 nanoseconds
[66557.108250] VT-GPIO_TEST: Falling Edge detectedVT-DEBUG: returning from unfreeze_time with 1493299763960895880n nsec and kill status 0
[66557.144429] VT-GPIO_TEST: Unfreezing 3937
[66557.160291] VT-GPIO_TIME: TIME-FALL: 1493299763 996605637 nanoseconds
[66557.171236] VT-GPIO_TIME: TIME-RESUME: 0 68518758 nanoseconds
[66558.242110] VT-GPIO_TIME: TIME-FALL: 1493299765 78402142 nanoseconds
[66558.258494] VT-GPIO_TEST: Falling Edge detectedVT-DEBUG: returning from unfreeze_time with 1493299765111018200n nsec and kill status 0
[66558.294620] VT-GPIO_TEST: Unfreezing 3937
[66558.310451] VT-GPIO_TIME: TIME-FALL: 1493299765 146667629 nanoseconds
[66558.321390] VT-GPIO_TIME: TIME-RESUME: 0 68265487 nanoseconds
[66559.388024] VT-GPIO_TIME: TIME-FALL: 1493299766 224136457 nanoseconds
[66559.404465] VT-GPIO_TEST: Falling Edge detectedVT-DEBUG: returning from unfreeze_time with 1493299766256839549n nsec and kill status 0
[66559.440487] VT-GPIO_TEST: Unfreezing 3937
[66559.456245] VT-GPIO_TIME: TIME-FALL: 1493299766 292358656 nanoseconds
[66559.467190] VT-GPIO_TIME: TIME-RESUME: 0 68222199 nanoseconds
[66560.534567] VT-GPIO_TIME: TIME-FALL: 1493299767 370581835 nanoseconds
[66560.550973] VT-GPIO_TEST: Falling Edge detectedVT-DEBUG: returning from unfreeze_time with 1493299767403210517n nsec and kill status 0
[66560.586863] VT-GPIO_TEST: Unfreezing 3937
[66560.602565] VT-GPIO_TIME: TIME-FALL: 1493299767 438596552 nanoseconds
[66560.613493] VT-GPIO_TIME: TIME-RESUME: 0 68014717 nanoseconds
[66561.680586] VT-GPIO_TIME: TIME-FALL: 1493299768 516506008 nanoseconds
[66561.696968] VT-GPIO_TEST: Falling Edge detectedVT-DEBUG: returning from unfreeze_time with 1493299768549129650n nsec and kill status 0
[66561.732951] VT-GPIO_TEST: Unfreezing 3937
[66561.748713] VT-GPIO_TIME: TIME-FALL: 1493299768 584643674 nanoseconds
[66561.759657] VT-GPIO_TIME: TIME-RESUME: 0 68137666 nanoseconds
[66562.826478] VT-GPIO_TIME: TIME-FALL: 1493299769 662303484 nanoseconds
[66562.842834] VT-GPIO_TEST: Falling Edge detectedVT-DEBUG: returning from unfreeze_time with 1493299769694868005n nsec and kill status 0
[66562.878758] VT-GPIO_TEST: Unfreezing 3937
[66562.894493] VT-GPIO_TIME: TIME-FALL: 1493299769 730326033 nanoseconds
[66562.905433] VT-GPIO_TIME: TIME-RESUME: 0 68022549 nanoseconds
[66563.972408] VT-GPIO_TIME: TIME-FALL: 1493299770 808135082 nanoseconds
[66563.988723] VT-GPIO_TEST: Falling Edge detectedVT-DEBUG: returning from unfreeze_time with 1493299770840635442n nsec and kill status 0
[66564.024597] VT-GPIO_TEST: Unfreezing 3937
[66564.040315] VT-GPIO_TIME: TIME-FALL: 1493299770 876054307 nanoseconds
[66564.051257] VT-GPIO_TIME: TIME-RESUME: 0 67919225 nanoseconds
[66565.118395] VT-GPIO_TIME: TIME-FALL: 1493299771 954028091 nanoseconds
[66565.134703] VT-GPIO_TEST: Falling Edge detectedVT-DEBUG: returning from unfreeze_time with 1493299771986503162n nsec and kill status 0
[66565.170531] VT-GPIO_TEST: Unfreezing 3937
[66565.186119] VT-GPIO_TIME: TIME-FALL: 1493299772 21847325 nanoseconds
[66565.198013] VT-GPIO_TIME: TIME-RESUME: 1 18446744072777370850 nanoseconds
[66566.265056] VT-GPIO_TIME: TIME-FALL: 1493299773 100593085 nanoseconds
[66566.281348] VT-GPIO_TEST: Falling Edge detectedVT-DEBUG: returning from unfreeze_time with 1493299773133009785n nsec and kill status 0
[66566.317085] VT-GPIO_TEST: Unfreezing 3937
[66566.332686] VT-GPIO_TIME: TIME-FALL: 1493299773 168231250 nanoseconds
[66566.343626] VT-GPIO_TIME: TIME-RESUME: 0 67638165 nanoseconds
[66567.411382] VT-GPIO_TIME: TIME-FALL: 1493299774 246822983 nanoseconds
[66567.427657] VT-GPIO_TEST: Falling Edge detectedVT-DEBUG: returning from unfreeze_time with 1493299774279211727n nsec and kill status 0
[66567.463372] VT-GPIO_TEST: Unfreezing 3937
[66567.478978] VT-GPIO_TIME: TIME-FALL: 1493299774 314427151 nanoseconds
[66567.489918] VT-GPIO_TIME: TIME-RESUME: 0 67604168 nanoseconds
[66568.558255] VT-GPIO_TIME: TIME-FALL: 1493299775 393600419 nanoseconds
[66568.574540] VT-GPIO_TEST: Falling Edge detectedVT-DEBUG: returning from unfreeze_time with 1493299775426008328n nsec and kill status 0
[66568.610263] VT-GPIO_TEST: Unfreezing 3937
[66568.625864] VT-GPIO_TIME: TIME-FALL: 1493299775 461216877 nanoseconds
[66568.636799] VT-GPIO_TIME: TIME-RESUME: 0 67616458 nanoseconds
[66569.704309] VT-GPIO_TIME: TIME-FALL: 1493299776 539557256 nanoseconds
[66569.720590] VT-GPIO_TEST: Falling Edge detectedVT-DEBUG: returning from unfreeze_time with 1493299776571964249n nsec and kill status 0
[66569.756311] VT-GPIO_TEST: Unfreezing 3937
[66569.771904] VT-GPIO_TIME: TIME-FALL: 1493299776 607162632 nanoseconds
[66569.782849] VT-GPIO_TIME: TIME-RESUME: 0 67605376 nanoseconds
[66570.850264] VT-GPIO_TIME: TIME-FALL: 1493299777 685417976 nanoseconds
[66570.866552] VT-GPIO_TEST: Falling Edge detectedVT-DEBUG: returning from unfreeze_time with 1493299777717818885n nsec and kill status 0
[66570.902273] VT-GPIO_TEST: Unfreezing 3937
[66570.917884] VT-GPIO_TIME: TIME-FALL: 1493299777 753045183 nanoseconds
[66570.928826] VT-GPIO_TIME: TIME-RESUME: 0 67627207 nanoseconds
[66572.003853] VT-GPIO_TIME: TIME-FALL: 1493299778 838908099 nanoseconds
[66572.020148] VT-GPIO_TEST: Falling Edge detectedVT-DEBUG: returning from unfreeze_time with 1493299778871339298n nsec and kill status 0
[66572.055866] VT-GPIO_TEST: Unfreezing 3937
[66572.071461] VT-GPIO_TIME: TIME-FALL: 1493299778 906524849 nanoseconds
[66572.082405] VT-GPIO_TIME: TIME-RESUME: 0 67616750 nanoseconds
[66573.150239] VT-GPIO_TIME: TIME-FALL: 1493299779 985199200 nanoseconds
[66573.166523] VT-GPIO_TEST: Falling Edge detectedVT-DEBUG: returning from unfreeze_time with 1493299780017598151n nsec and kill status 0
[66573.202252] VT-GPIO_TEST: Unfreezing 3937
[66573.217773] VT-GPIO_TIME: TIME-FALL: 1493299780 52827824 nanoseconds
[66573.229667] VT-GPIO_TIME: TIME-RESUME: 1 18446744072777180240 nanoseconds
[66574.296652] VT-GPIO_TIME: TIME-FALL: 1493299781 131523924 nanoseconds
[66574.312944] VT-GPIO_TEST: Falling Edge detectedVT-DEBUG: returning from unfreeze_time with 1493299781163941706n nsec and kill status 0
[66574.348693] VT-GPIO_TEST: Unfreezing 3937
[66574.364310] VT-GPIO_TIME: TIME-FALL: 1493299781 199182210 nanoseconds
[66574.375249] VT-GPIO_TIME: TIME-RESUME: 0 67658286 nanoseconds
[66575.442922] VT-GPIO_TIME: TIME-FALL: 1493299782 277688743 nanoseconds
[66575.459210] VT-GPIO_TEST: Falling Edge detectedVT-DEBUG: returning from unfreeze_time with 1493299782310105068n nsec and kill status 0
[66575.494948] VT-GPIO_TEST: Unfreezing 3937
[66575.510558] VT-GPIO_TIME: TIME-FALL: 1493299782 345332283 nanoseconds
[66575.521501] VT-GPIO_TIME: TIME-RESUME: 0 67643540 nanoseconds
[66576.589245] VT-GPIO_TIME: TIME-FALL: 1493299783 423917142 nanoseconds
[66576.605496] VT-GPIO_TEST: Falling Edge detectedVT-DEBUG: returning from unfreeze_time with 1493299783456273597n nsec and kill status 0
[66576.641197] VT-GPIO_TEST: Unfreezing 3937
[66576.656793] VT-GPIO_TIME: TIME-FALL: 1493299783 491472897 nanoseconds
[66576.667737] VT-GPIO_TIME: TIME-RESUME: 0 67555755 nanoseconds
[66577.737280] VT-GPIO_TIME: TIME-FALL: 1493299784 571855522 nanoseconds
[66577.753561] VT-GPIO_TEST: Falling Edge detectedVT-DEBUG: returning from unfreeze_time with 1493299784604256598n nsec and kill status 0
[66577.789268] VT-GPIO_TEST: Unfreezing 3937
[66577.804875] VT-GPIO_TIME: TIME-FALL: 1493299784 639458981 nanoseconds
[66577.815819] VT-GPIO_TIME: TIME-RESUME: 0 67603459 nanoseconds
[66578.884093] VT-GPIO_TIME: TIME-FALL: 1493299785 718572712 nanoseconds
[66578.900364] VT-GPIO_TEST: Falling Edge detectedVT-DEBUG: returning from unfreeze_time with 1493299785750955124n nsec and kill status 0
[66578.936073] VT-GPIO_TEST: Unfreezing 3937
[66578.951679] VT-GPIO_TIME: TIME-FALL: 1493299785 786166006 nanoseconds
[66578.962623] VT-GPIO_TIME: TIME-RESUME: 0 67593294 nanoseconds
[66580.030610] VT-GPIO_TIME: TIME-FALL: 1493299786 864991595 nanoseconds
[66580.046876] VT-GPIO_TEST: Falling Edge detectedVT-DEBUG: returning from unfreeze_time with 1493299786897383463n nsec and kill status 0
[66580.082611] VT-GPIO_TEST: Unfreezing 3937
[66580.098198] VT-GPIO_TIME: TIME-FALL: 1493299786 932589346 nanoseconds
[66580.109137] VT-GPIO_TIME: TIME-RESUME: 0 67597751 nanoseconds
[66581.177024] VT-GPIO_TIME: TIME-FALL: 1493299788 11397937 nanoseconds
[66581.193210] VT-GPIO_TEST: Falling Edge detectedVT-DEBUG: returning from unfreeze_time with 1493299788043613362n nsec and kill status 0
[66581.228915] VT-GPIO_TEST: Unfreezing 3937
[66581.244406] VT-GPIO_TIME: TIME-FALL: 1493299788 78787372 nanoseconds
[66581.255261] VT-GPIO_TIME: TIME-RESUME: 0 67389435 nanoseconds
[66582.323098] VT-GPIO_TIME: TIME-FALL: 1493299789 157289821 nanoseconds
[66582.339358] VT-GPIO_TEST: Falling Edge detectedVT-DEBUG: returning from unfreeze_time with 1493299789189654401n nsec and kill status 0
[66582.375054] VT-GPIO_TEST: Unfreezing 3937
[66582.390648] VT-GPIO_TIME: TIME-FALL: 1493299789 224847826 nanoseconds
[66582.401592] VT-GPIO_TIME: TIME-RESUME: 0 67558005 nanoseconds
[66583.476603] VT-GPIO_TIME: TIME-FALL: 1493299790 310696285 nanoseconds
[66583.492879] VT-GPIO_TEST: Falling Edge detectedVT-DEBUG: returning from unfreeze_time with 1493299790343078906n nsec and kill status 0
[66583.528580] VT-GPIO_TEST: Unfreezing 3937
[66583.544171] VT-GPIO_TIME: TIME-FALL: 1493299790 378274122 nanoseconds
[66583.555117] VT-GPIO_TIME: TIME-RESUME: 0 67577837 nanoseconds
[66584.715283] VT-GPIO_TIME: TIME-FALL: 1493299791 549271528 nanoseconds
[66584.731541] VT-GPIO_TEST: Falling Edge detectedVT-DEBUG: returning from unfreeze_time with 1493299791581635733n nsec and kill status 0
[66584.767216] VT-GPIO_TEST: Unfreezing 3937
[66584.782783] VT-GPIO_TIME: TIME-FALL: 1493299791 616782912 nanoseconds
[66584.793726] VT-GPIO_TIME: TIME-RESUME: 0 67511384 nanoseconds
[66585.860870] VT-GPIO_TIME: TIME-FALL: 1493299792 694764114 nanoseconds
[66585.877133] VT-GPIO_TEST: Falling Edge detectedVT-DEBUG: returning from unfreeze_time with 1493299792727117277n nsec and kill status 0
[66585.912807] VT-GPIO_TEST: Unfreezing 3937
[66585.928384] VT-GPIO_TIME: TIME-FALL: 1493299792 762288455 nanoseconds
[66585.939325] VT-GPIO_TIME: TIME-RESUME: 0 67524341 nanoseconds
[66587.007255] VT-GPIO_TIME: TIME-FALL: 1493299793 841053049 nanoseconds
[66587.023515] VT-GPIO_TEST: Falling Edge detectedVT-DEBUG: returning from unfreeze_time with 1493299793873409171n nsec and kill status 0
[66587.059180] VT-GPIO_TEST: Unfreezing 3937
[66587.074769] VT-GPIO_TIME: TIME-FALL: 1493299793 908575557 nanoseconds
[66587.085710] VT-GPIO_TIME: TIME-RESUME: 0 67522508 nanoseconds
[66588.152938] VT-GPIO_TIME: TIME-FALL: 1493299794 986641001 nanoseconds
[66588.169191] VT-GPIO_TEST: Falling Edge detectedVT-DEBUG: returning from unfreeze_time with 1493299795018995873n nsec and kill status 0
[66588.204869] VT-GPIO_TEST: Unfreezing 3937
[66588.220367] VT-GPIO_TIME: TIME-FALL: 1493299795 54164009 nanoseconds
[66588.232265] VT-GPIO_TIME: TIME-RESUME: 1 18446744072777074624 nanoseconds
[66589.299539] VT-GPIO_TIME: TIME-FALL: 1493299796 133145251 nanoseconds
[66589.315815] VT-GPIO_TEST: Falling Edge detectedVT-DEBUG: returning from unfreeze_time with 1493299796165526496n nsec and kill status 0
[66589.351524] VT-GPIO_TEST: Unfreezing 3937
[66589.367132] VT-GPIO_TIME: TIME-FALL: 1493299796 200746878 nanoseconds
[66589.378074] VT-GPIO_TIME: TIME-RESUME: 0 67601627 nanoseconds
[66590.446016] VT-GPIO_TIME: TIME-FALL: 1493299797 279527388 nanoseconds
[66590.462300] VT-GPIO_TEST: Falling Edge detectedVT-DEBUG: returning from unfreeze_time with 1493299797311927298n nsec and kill status 0
[66590.498027] VT-GPIO_TEST: Unfreezing 3937
[66590.513631] VT-GPIO_TIME: TIME-FALL: 1493299797 347150762 nanoseconds
[66590.524574] VT-GPIO_TIME: TIME-RESUME: 0 67623374 nanoseconds
[66591.592496] VT-GPIO_TIME: TIME-FALL: 1493299798 425910024 nanoseconds
[66591.608771] VT-GPIO_TEST: Falling Edge detectedVT-DEBUG: returning from unfreeze_time with 1493299798458307017n nsec and kill status 0
[66591.644490] VT-GPIO_TEST: Unfreezing 3937
[66591.660078] VT-GPIO_TIME: TIME-FALL: 1493299798 493500734 nanoseconds
[66591.671017] VT-GPIO_TIME: TIME-RESUME: 0 67590710 nanoseconds
[66592.750721] VT-GPIO_TIME: TIME-FALL: 1493299799 584040175 nanoseconds
[66592.766994] VT-GPIO_TEST: Falling Edge detectedVT-DEBUG: returning from unfreeze_time with 1493299799616441085n nsec and kill status 0
[66592.802739] VT-GPIO_TEST: Unfreezing 3937
[66592.818361] VT-GPIO_TIME: TIME-FALL: 1493299799 651686173 nanoseconds
[66592.829306] VT-GPIO_TIME: TIME-RESUME: 0 67645998 nanoseconds
[66593.899280] VT-GPIO_TIME: TIME-FALL: 1493299800 732499845 nanoseconds
[66593.915550] VT-GPIO_TEST: Falling Edge detectedVT-DEBUG: returning from unfreeze_time with 1493299800764858091n nsec and kill status 0
[66593.951187] VT-GPIO_TEST: Unfreezing 3937
[66593.966753] VT-GPIO_TIME: TIME-FALL: 1493299800 799989063 nanoseconds
[66593.977680] VT-GPIO_TIME: TIME-RESUME: 0 67489218 nanoseconds
[66595.134751] VT-GPIO_TIME: TIME-FALL: 1493299801 967868024 nanoseconds
[66595.151031] VT-GPIO_TEST: Falling Edge detectedVT-DEBUG: returning from unfreeze_time with 1493299802000266100n nsec and kill status 0
[66595.186756] VT-GPIO_TEST: Unfreezing 3937
[66595.202267] VT-GPIO_TIME: TIME-FALL: 1493299802 35479150 nanoseconds
[66595.214161] VT-GPIO_TIME: TIME-RESUME: 1 18446744072777162742 nanoseconds
[66596.372362] VT-GPIO_TIME: TIME-FALL: 1493299803 205375440 nanoseconds
[66596.388645] VT-GPIO_TEST: Falling Edge detectedVT-DEBUG: returning from unfreeze_time with 1493299803237783265n nsec and kill status 0
[66596.424381] VT-GPIO_TEST: Unfreezing 3937
[66596.439993] VT-GPIO_TIME: TIME-FALL: 1493299803 273016063 nanoseconds
[66596.450932] VT-GPIO_TIME: TIME-RESUME: 0 67640623 nanoseconds
[66597.607654] VT-GPIO_TIME: TIME-FALL: 1493299804 440564509 nanoseconds
[66597.623946] VT-GPIO_TEST: Falling Edge detectedVT-DEBUG: returning from unfreeze_time with 1493299804472987417n nsec and kill status 0
[66597.659693] VT-GPIO_TEST: Unfreezing 3937
[66597.675308] VT-GPIO_TIME: TIME-FALL: 1493299804 508225755 nanoseconds
[66597.686241] VT-GPIO_TIME: TIME-RESUME: 0 67661246 nanoseconds
[66598.842980] VT-GPIO_TIME: TIME-FALL: 1493299805 675785450 nanoseconds
[66598.859280] VT-GPIO_TEST: Falling Edge detectedVT-DEBUG: returning from unfreeze_time with 1493299805708216857n nsec and kill status 0
[66598.895025] VT-GPIO_TEST: Unfreezing 3937
[66598.910633] VT-GPIO_TIME: TIME-FALL: 1493299805 743448404 nanoseconds
[66598.921581] VT-GPIO_TIME: TIME-RESUME: 0 67662954 nanoseconds
[66600.089345] VT-GPIO_TIME: TIME-FALL: 1493299806 922045841 nanoseconds
[66600.105617] VT-GPIO_TEST: Falling Edge detectedVT-DEBUG: returning from unfreeze_time with 1493299806954423211n nsec and kill status 0
[66600.141338] VT-GPIO_TEST: Unfreezing 3937
[66600.156946] VT-GPIO_TIME: TIME-FALL: 1493299806 989657883 nanoseconds
[66600.167888] VT-GPIO_TIME: TIME-RESUME: 0 67612042 nanoseconds
[66601.235460] VT-GPIO_TIME: TIME-FALL: 1493299808 68152833 nanoseconds
[66601.251664] VT-GPIO_TEST: Falling Edge detectedVT-DEBUG: returning from unfreeze_time with 1493299808100412130n nsec and kill status 0
[66601.287410] VT-GPIO_TEST: Unfreezing 3937
[66601.303015] VT-GPIO_TIME: TIME-FALL: 1493299808 135622804 nanoseconds
[66601.313959] VT-GPIO_TIME: TIME-RESUME: 0 67469971 nanoseconds
[66602.381539] VT-GPIO_TIME: TIME-FALL: 1493299809 214048928 nanoseconds
[66602.397836] VT-GPIO_TEST: Falling Edge detectedVT-DEBUG: returning from unfreeze_time with 1493299809246455295n nsec and kill status 0
[66602.433551] VT-GPIO_TEST: Unfreezing 3937
[66602.449160] VT-GPIO_TIME: TIME-FALL: 1493299809 281679177 nanoseconds
[66602.460106] VT-GPIO_TIME: TIME-RESUME: 0 67630249 nanoseconds
[66603.527652] VT-GPIO_TIME: TIME-FALL: 1493299810 360065136 nanoseconds
[66603.543914] VT-GPIO_TEST: Falling Edge detectedVT-DEBUG: returning from unfreeze_time with 1493299810392447964n nsec and kill status 0
[66603.579659] VT-GPIO_TEST: Unfreezing 3937
[66603.595241] VT-GPIO_TIME: TIME-FALL: 1493299810 427663513 nanoseconds
[66603.606181] VT-GPIO_TIME: TIME-RESUME: 0 67598377 nanoseconds
[66604.673915] VT-GPIO_TIME: TIME-FALL: 1493299811 506231999 nanoseconds
[66604.690202] VT-GPIO_TEST: Falling Edge detectedVT-DEBUG: returning from unfreeze_time with 1493299811538636075n nsec and kill status 0
[66604.725922] VT-GPIO_TEST: Unfreezing 3937
[66604.741513] VT-GPIO_TIME: TIME-FALL: 1493299811 573838959 nanoseconds
[66604.752458] VT-GPIO_TIME: TIME-RESUME: 0 67606960 nanoseconds
[66605.819477] VT-GPIO_TIME: TIME-FALL: 1493299812 651698671 nanoseconds
[66605.835762] VT-GPIO_TEST: Falling Edge detectedVT-DEBUG: returning from unfreeze_time with 1493299812684109329n nsec and kill status 0
[66605.871493] VT-GPIO_TEST: Unfreezing 3937
[66605.887092] VT-GPIO_TIME: TIME-FALL: 1493299812 719324961 nanoseconds
[66605.898034] VT-GPIO_TIME: TIME-RESUME: 0 67626290 nanoseconds
[66606.965807] VT-GPIO_TIME: TIME-FALL: 1493299813 797933779 nanoseconds
[66606.982068] VT-GPIO_TEST: Falling Edge detectedVT-DEBUG: returning from unfreeze_time with 1493299813830301566n nsec and kill status 0
[66607.017766] VT-GPIO_TEST: Unfreezing 3937
[66607.033365] VT-GPIO_TIME: TIME-FALL: 1493299813 865499574 nanoseconds
[66607.044306] VT-GPIO_TIME: TIME-RESUME: 0 67565795 nanoseconds
[66608.106361] VT-GPIO_TIME: TIME-FALL: 1493299814 938390369 nanoseconds
[66608.122635] VT-GPIO_TEST: Falling Edge detectedVT-DEBUG: returning from unfreeze_time with 1493299814970771074n nsec and kill status 0
[66608.158328] VT-GPIO_TEST: Unfreezing 3937
[66608.173747] VT-GPIO_TIME: TIME-FALL: 1493299815 5959708 nanoseconds
[66608.185552] VT-GPIO_TIME: TIME-RESUME: 1 18446744072777120955 nanoseconds
[66609.224769] VT-GPIO_TIME: TIME-FALL: 1493299816 56791060 nanoseconds
[66609.240958] VT-GPIO_TEST: Falling Edge detectedVT-DEBUG: returning from unfreeze_time with 1493299816089015068n nsec and kill status 0
[66609.276674] VT-GPIO_TEST: Unfreezing 3937
[66609.292279] VT-GPIO_TIME: TIME-FALL: 1493299816 124224492 nanoseconds
[66609.303221] VT-GPIO_TIME: TIME-RESUME: 0 67433432 nanoseconds
[66610.346522] VT-GPIO_TIME: TIME-FALL: 1493299817 178365401 nanoseconds
[66610.362792] VT-GPIO_TEST: Falling Edge detectedVT-DEBUG: returning from unfreeze_time with 1493299817210754020n nsec and kill status 0
[66610.398520] VT-GPIO_TEST: Unfreezing 3937
[66610.414110] VT-GPIO_TIME: TIME-FALL: 1493299817 245960903 nanoseconds
[66610.425054] VT-GPIO_TIME: TIME-RESUME: 0 67595502 nanoseconds
[66726.690156] iperf3 invoked oom-killer: gfp_mask=0x200da, order=0, oom_adj=0, oom_score_adj=0
[66726.714642] iperf3 cpuset=/ mems_allowed=0
[66726.732528] [<c00154ac>] (unwind_backtrace+0x0/0x12c) from [<c05d4ec8>] (dump_header+0x80/0x184)
[66726.740189] [<c05d4ec8>] (dump_header+0x80/0x184) from [<c00b14bc>] (oom_kill_process+0x138/0x244)
[66726.748138] [<c00b14bc>] (oom_kill_process+0x138/0x244) from [<c00b1acc>] (out_of_memory+0x100/0x1d8)
[66726.756594] [<c00b1acc>] (out_of_memory+0x100/0x1d8) from [<c00b5854>] (__alloc_pages_nodemask+0x844/0x854)
[66726.765313] [<c00b5854>] (__alloc_pages_nodemask+0x844/0x854) from [<c00cc8a8>] (handle_pte_fault+0x744/0x8b4)
[66726.773243] [<c00cc8a8>] (handle_pte_fault+0x744/0x8b4) from [<c00ccac4>] (handle_mm_fault+0xac/0xe8)
[66726.780910] [<c00ccac4>] (handle_mm_fault+0xac/0xe8) from [<c0019850>] (do_page_fault+0x294/0x374)
[66726.788306] [<c0019850>] (do_page_fault+0x294/0x374) from [<c00083bc>] (do_DataAbort+0x38/0x98)
[66726.795280] [<c00083bc>] (do_DataAbort+0x38/0x98) from [<c000ea94>] (__dabt_usr+0x34/0x40)
[66726.799039] Exception stack(0xeebbdfb0 to 0xeebbdff8)
[66726.805907] dfa0:                                     00004fe1 00000000 53e4e020 53e4df58
[66726.817316] dfc0: b6ee94e0 000000d1 53e4df58 00000001 000050b0 000000d0 00426008 0000001a
[66726.822636] dfe0: b6f10154 bead5210 b6e52a8b b6e516b4 20010030 ffffffff
[66726.823608] Mem-info:
[66726.824848] DMA per-cpu:
[66726.828333] CPU    0: hi:   90, btch:  15 usd:   0
[66726.831817] CPU    1: hi:   90, btch:  15 usd:   4
[66726.833306] Normal per-cpu:
[66726.836801] CPU    0: hi:  186, btch:  31 usd:   0
[66726.840285] CPU    1: hi:  186, btch:  31 usd:   0
[66726.841860] HighMem per-cpu:
[66726.845343] CPU    0: hi:   90, btch:  15 usd:   0
[66726.848838] CPU    1: hi:   90, btch:  15 usd:   4
[66726.871224] active_anon:118789 inactive_anon:118898 isolated_anon:0
[66726.871228]  active_file:19 inactive_file:2 isolated_file:0
[66726.871233]  unevictable:1045 dirty:3 writeback:0 unstable:0
[66726.871237]  free:3798 slab_reclaimable:689 slab_unreclaimable:3190
[66726.871241]  mapped:897 shmem:5 pagetables:836 bounce:0
[66726.907777] DMA free:4228kB min:1180kB low:1472kB high:1768kB active_anon:106716kB inactive_anon:106860kB active_file:0kB inactive_file:8kB unevictable:0kB isolated(anon):0kB isolated(file):0kB present:260096kB mlocked:0kB dirty:0kB writeback:0kB mapped:0kB shmem:0kB slab_reclaimable:108kB slab_unreclaimable:320kB kernel_stack:0kB pagetables:36kB unstable:0kB bounce:0kB writeback_tmp:0kB pages_scanned:139 all_unreclaimable? yes
[66726.909302] lowmem_reserve[]: 0 500 762 762
[66726.948560] Normal free:10704kB min:2328kB low:2908kB high:3492kB active_anon:235632kB inactive_anon:235884kB active_file:80kB inactive_file:0kB unevictable:0kB isolated(anon):0kB isolated(file):0kB present:512064kB mlocked:0kB dirty:12kB writeback:0kB mapped:20kB shmem:0kB slab_reclaimable:2648kB slab_unreclaimable:12440kB kernel_stack:600kB pagetables:3308kB unstable:0kB bounce:0kB writeback_tmp:0kB pages_scanned:1058 all_unreclaimable? yes
[66726.950081] lowmem_reserve[]: 0 0 2095 2095
[66726.988386] HighMem free:260kB min:260kB low:564kB high:868kB active_anon:132808kB inactive_anon:132848kB active_file:0kB inactive_file:4kB unevictable:4180kB isolated(anon):0kB isolated(file):0kB present:268224kB mlocked:4180kB dirty:0kB writeback:0kB mapped:3568kB shmem:20kB slab_reclaimable:0kB slab_unreclaimable:0kB kernel_stack:0kB pagetables:0kB unstable:0kB bounce:0kB writeback_tmp:0kB pages_scanned:72 all_unreclaimable? yes
[66726.989908] lowmem_reserve[]: 0 0 0 0
[66726.991277] DMA: 126*4kB 22*8kB 6*16kB 8*32kB 4*64kB 3*128kB 2*256kB 0*512kB 0*1024kB 1*2048kB 0*4096kB = 4232kB
[66727.000541] Normal: 143*4kB 147*8kB 86*16kB 52*32kB 29*64kB 12*128kB 2*256kB 0*512kB 0*1024kB 1*2048kB 0*4096kB = 10740kB
[66727.010409] HighMem: 6*4kB 7*8kB 4*16kB 0*32kB 0*64kB 1*128kB 0*256kB 0*512kB 0*1024kB 0*2048kB 0*4096kB = 272kB
[66727.021143] 22347 total pagecache pages
[66727.023498] 21426 pages in swap cache
[66727.028466] Swap cache stats: add 131136, delete 109710, find 14/21
[66727.030043] Free swap  = 0kB
[66727.032051] Total swap = 524284kB
[66727.046335] 262144 pages of RAM
[66727.047829] 3978 free pages
[66727.049751] 13727 reserved pages
[66727.051239] 1638 slab pages
[66727.052900] 4596 pages shared
[66727.055081] 21426 pages swap cached
[66727.061453] [ pid ]   uid  tgid total_vm      rss cpu oom_adj oom_score_adj name
[66727.081749] [  156]     0   156     2600      121   0     -17         -1000 udevd
[66727.102345] [  883]     0   883     1941       53   1       0             0 dhclient
[66727.127446] [ 1168]     0  1168      722       54   1       0             0 uuidd
[66727.147845] [ 1177]     0  1177     7857      173   1       0             0 rsyslogd
[66727.168278] [ 1249]     0  1249     1794       69   0       0             0 haveged
[66727.182266] [ 1270]     0  1270     1104      129   0       0             0 cron
[66727.188630] [ 1391]     0  1391     1632      128   1     -17         -1000 sshd
[66727.202637] [ 1436]     0  1436     1072       62   0       0             0 monitor
[66727.217060] [ 1437]     0  1437     1074      262   0       0             0 ovsdb-server
[66727.223682] [ 1446]     0  1446     1160      103   0       0             0 monitor
[66727.230735] [ 1447]     0  1447     1168     1045   1       0             0 ovs-vswitchd
[66727.244798] [ 1459]     0  1459      886      123   0       0             0 getty
[66727.259307] [ 1460]     0  1460      886      123   0       0             0 getty
[66727.273389] [ 1461]     0  1461      886      123   0       0             0 getty
[66727.287896] [ 1462]     0  1462      886      123   0       0             0 getty
[66727.294342] [ 1463]     0  1463      886      123   1       0             0 getty
[66727.300787] [ 1464]     0  1464      886      123   0       0             0 getty
[66727.314676] [ 1465]     0  1465      448      119   0       0             0 getty
[66727.328499] [ 1474]     0  1474     2496      295   0       0             0 sshd
[66727.342226] [ 1477]     0  1477     1687      142   1       0             0 zsh
[66727.356037] [ 2141]   104  2141     1204      260   0       0             0 ntpd
[66727.369878] [ 3666]     0  3666     2496      300   1       0             0 sshd
[66727.383603] [ 3668]     0  3668     1692      147   1       0             0 zsh
[66727.397599] [ 3937]     0  3937   342948   216235   1       0             0 iperf3
[66727.411334] [ 3938]     0  3938     2845      300   0       0             0 sshd
[66727.432254] [ 3940]     0  3940     1682      142   0       0             0 zsh
[66727.457853] Out of memory: Kill process 3937 (iperf3) score 874 or sacrifice child
[66727.465425] Killed process 3937 (iperf3) total-vm:1371792kB, anon-rss:864464kB, file-rss:476kB
[68796.201020] VT-GPIO_TIME: TIME-FALL: 1493302002 849636122 nanoseconds
[68796.210868] VT-GPIO_TEST: Falling Edge detected
[68796.226593] VT-GPIO_ERROR: can not open /proc/3937/freeze
[68796.248399] VT-GPIO_TEST: Unfreezing 3937
[68796.264266] VT-GPIO_TIME: TIME-FALL: 1493302002 912893147 nanoseconds
[68796.275302] VT-GPIO_TIME: TIME-RESUME: 0 63257025 nanoseconds
[68797.352963] VT-GPIO_TIME: TIME-FALL: 1493302004 1656826 nanoseconds
[68797.368952] VT-GPIO_TEST: Falling Edge detected
[68797.384170] VT-GPIO_ERROR: can not open /proc/3937/freeze
[68797.405092] VT-GPIO_TEST: Unfreezing 3937
[68797.420236] VT-GPIO_TIME: TIME-FALL: 1493302004 68853729 nanoseconds
[68797.431182] VT-GPIO_TIME: TIME-RESUME: 0 67196903 nanoseconds
[68798.513247] VT-GPIO_TIME: TIME-FALL: 1493302005 161673692 nanoseconds
[68798.528994] VT-GPIO_TEST: Falling Edge detected
[68798.543807] VT-GPIO_ERROR: can not open /proc/3937/freeze
[68798.563554] VT-GPIO_TEST: Unfreezing 3937
[68798.578279] VT-GPIO_TIME: TIME-FALL: 1493302005 226712567 nanoseconds
[68798.589314] VT-GPIO_TIME: TIME-RESUME: 0 65038875 nanoseconds
[68799.779081] VT-GPIO_TIME: TIME-FALL: 1493302006 427400772 nanoseconds
[68799.794483] VT-GPIO_TEST: Falling Edge detected
[68799.809025] VT-GPIO_ERROR: can not open /proc/3937/freeze
[68799.828754] VT-GPIO_TEST: Unfreezing 3937
[68799.843696] VT-GPIO_TIME: TIME-FALL: 1493302006 492023225 nanoseconds
[68799.854729] VT-GPIO_TIME: TIME-RESUME: 0 64622453 nanoseconds
[68801.050772] VT-GPIO_TIME: TIME-FALL: 1493302007 698986943 nanoseconds
[68801.066497] VT-GPIO_TEST: Falling Edge detected
[68801.081364] VT-GPIO_ERROR: can not open /proc/3937/freeze
[68801.101765] VT-GPIO_TEST: Unfreezing 3937
[68801.117010] VT-GPIO_TIME: TIME-FALL: 1493302007 765232174 nanoseconds
[68801.128045] VT-GPIO_TIME: TIME-RESUME: 0 66245231 nanoseconds
[68802.330450] VT-GPIO_TIME: TIME-FALL: 1493302008 978552444 nanoseconds
[68802.346639] VT-GPIO_TEST: Falling Edge detected
[68802.361998] VT-GPIO_ERROR: can not open /proc/3937/freeze
[68802.383557] VT-GPIO_TEST: Unfreezing 3937
[68802.399375] VT-GPIO_TIME: TIME-FALL: 1493302009 47575736 nanoseconds
[68802.411361] VT-GPIO_TIME: TIME-RESUME: 1 18446744072778574908 nanoseconds
[68803.605915] VT-GPIO_TIME: TIME-FALL: 1493302010 253913383 nanoseconds
[68803.622678] VT-GPIO_TEST: Falling Edge detected
[68803.638569] VT-GPIO_ERROR: can not open /proc/3937/freeze
[68803.661032] VT-GPIO_TEST: Unfreezing 3937
[68803.677319] VT-GPIO_TIME: TIME-FALL: 1493302010 325324679 nanoseconds
[68803.688355] VT-GPIO_TIME: TIME-RESUME: 0 71411296 nanoseconds
[68804.850471] VT-GPIO_TIME: TIME-FALL: 1493302011 498366581 nanoseconds
[68804.867589] VT-GPIO_TEST: Falling Edge detected
[68804.883702] VT-GPIO_ERROR: can not open /proc/3937/freeze
[68804.906052] VT-GPIO_TEST: Unfreezing 3937
[68804.922110] VT-GPIO_TIME: TIME-FALL: 1493302011 570011484 nanoseconds
[68804.933146] VT-GPIO_TIME: TIME-RESUME: 0 71644903 nanoseconds
[68806.124181] VT-GPIO_TIME: TIME-FALL: 1493302012 771968750 nanoseconds
[68806.140967] VT-GPIO_TEST: Falling Edge detected
[68806.156812] VT-GPIO_ERROR: can not open /proc/3937/freeze
[68806.179024] VT-GPIO_TEST: Unfreezing 3937
[68806.195100] VT-GPIO_TIME: TIME-FALL: 1493302012 842894714 nanoseconds
[68806.206136] VT-GPIO_TIME: TIME-RESUME: 0 70925964 nanoseconds
[68807.398327] VT-GPIO_TIME: TIME-FALL: 1493302014 46091584 nanoseconds
[68807.415053] VT-GPIO_TEST: Falling Edge detected
[68807.430907] VT-GPIO_ERROR: can not open /proc/3937/freeze
[68807.453130] VT-GPIO_TEST: Unfreezing 3937
[68807.469203] VT-GPIO_TIME: TIME-FALL: 1493302014 116890975 nanoseconds
[68807.480237] VT-GPIO_TIME: TIME-RESUME: 0 70799391 nanoseconds
[68808.642450] VT-GPIO_TIME: TIME-FALL: 1493302015 290027201 nanoseconds
[68808.659250] VT-GPIO_TEST: Falling Edge detected
[68808.675102] VT-GPIO_ERROR: can not open /proc/3937/freeze
[68808.697307] VT-GPIO_TEST: Unfreezing 3937
[68808.713379] VT-GPIO_TIME: TIME-FALL: 1493302015 360962539 nanoseconds
[68808.724414] VT-GPIO_TIME: TIME-RESUME: 0 70935338 nanoseconds
[68809.907584] VT-GPIO_TIME: TIME-FALL: 1493302016 555054090 nanoseconds
[68809.924381] VT-GPIO_TEST: Falling Edge detected
[68809.940223] VT-GPIO_ERROR: can not open /proc/3937/freeze
[68809.962415] VT-GPIO_TEST: Unfreezing 3937
[68809.978470] VT-GPIO_TIME: TIME-FALL: 1493302016 625947431 nanoseconds
[68809.989503] VT-GPIO_TIME: TIME-RESUME: 0 70893341 nanoseconds
[68811.129744] VT-GPIO_TIME: TIME-FALL: 1493302017 777111418 nanoseconds
[68811.146520] VT-GPIO_TEST: Falling Edge detected
[68811.162352] VT-GPIO_ERROR: can not open /proc/3937/freeze
[68811.184538] VT-GPIO_TEST: Unfreezing 3937
[68811.200596] VT-GPIO_TIME: TIME-FALL: 1493302017 847971137 nanoseconds
[68811.211632] VT-GPIO_TIME: TIME-RESUME: 0 70859719 nanoseconds
[68812.287905] VT-GPIO_TIME: TIME-FALL: 1493302018 935174617 nanoseconds
[68812.304690] VT-GPIO_TEST: Falling Edge detected
[68812.320518] VT-GPIO_ERROR: can not open /proc/3937/freeze
[68812.342673] VT-GPIO_TEST: Unfreezing 3937
[68812.358535] VT-GPIO_TIME: TIME-FALL: 1493302019 5986381 nanoseconds
[68812.370430] VT-GPIO_TIME: TIME-RESUME: 1 18446744072780363380 nanoseconds
[68813.421442] VT-GPIO_TIME: TIME-FALL: 1493302020 68703289 nanoseconds
[68813.438111] VT-GPIO_TEST: Falling Edge detected
[68813.453925] VT-GPIO_ERROR: can not open /proc/3937/freeze
[68813.476085] VT-GPIO_TEST: Unfreezing 3937
[68813.492121] VT-GPIO_TIME: TIME-FALL: 1493302020 139303321 nanoseconds
[68813.503157] VT-GPIO_TIME: TIME-RESUME: 0 70600032 nanoseconds
[68814.554662] VT-GPIO_TIME: TIME-FALL: 1493302021 201742421 nanoseconds
[68814.571431] VT-GPIO_TEST: Falling Edge detected
[68814.587240] VT-GPIO_ERROR: can not open /proc/3937/freeze
[68814.609379] VT-GPIO_TEST: Unfreezing 3937
[68814.625415] VT-GPIO_TIME: TIME-FALL: 1493302021 272502773 nanoseconds
[68814.636449] VT-GPIO_TIME: TIME-RESUME: 0 70760352 nanoseconds
[68815.686913] VT-GPIO_TIME: TIME-FALL: 1493302022 333896211 nanoseconds
[68815.703673] VT-GPIO_TEST: Falling Edge detected
[68815.719478] VT-GPIO_ERROR: can not open /proc/3937/freeze
[68815.741617] VT-GPIO_TEST: Unfreezing 3937
[68815.757653] VT-GPIO_TIME: TIME-FALL: 1493302022 404644897 nanoseconds
[68815.768688] VT-GPIO_TIME: TIME-RESUME: 0 70748686 nanoseconds
[68816.819373] VT-GPIO_TIME: TIME-FALL: 1493302023 466263773 nanoseconds
[68816.836120] VT-GPIO_TEST: Falling Edge detected
[68816.851926] VT-GPIO_ERROR: can not open /proc/3937/freeze
