[    0.000000] Booting Linux on physical CPU 0
[    0.000000] Initializing cgroup subsys cpuset
[    0.000000] Initializing cgroup subsys cpu
[    0.000000] Linux version 3.4.113+ (root@bananapi1) (gcc version 4.9.2 (Debian 4.9.2-10) ) #1 SMP PREEMPT Thu Aug 9 15:48:08 CDT 2018
[    0.000000] CPU: ARMv7 Processor [410fc074] revision 4 (ARMv7), cr=10c5387d
[    0.000000] CPU: PIPT / VIPT nonaliasing data cache, VIPT aliasing instruction cache
[    0.000000] Machine: sun7i
[    0.000000] Memory Reserved:
[    0.000000] 	SYS  : 0x43000000 - 0x4300ffff  (  64 kB)
[    0.000000] 	LCD  : 0x44000000 - 0x45ffffff  (  32 MB)
[    0.000000] Memory policy: ECC disabled, Data cache writealloc
[    0.000000] sunxi: Allwinner A20 (AW1651/sun7i) detected.
[    0.000000] On node 0 totalpages: 262144
[    0.000000] free_area_init_node: node 0, pgdat c0aa1e40, node_mem_map d0000000
[    0.000000]   DMA zone: 512 pages used for memmap
[    0.000000]   DMA zone: 0 pages reserved
[    0.000000]   DMA zone: 65024 pages, LIFO batch:15
[    0.000000]   Normal zone: 1008 pages used for memmap
[    0.000000]   Normal zone: 128016 pages, LIFO batch:31
[    0.000000]   HighMem zone: 528 pages used for memmap
[    0.000000]   HighMem zone: 67056 pages, LIFO batch:15
[    0.000000] PERCPU: Embedded 8 pages/cpu @d0808000 s11968 r8192 d12608 u32768
[    0.000000] pcpu-alloc: s11968 r8192 d12608 u32768 alloc=8*4096
[    0.000000] pcpu-alloc: [0] 0 [0] 1 
[    0.000000] Built 1 zonelists in Zone order, mobility grouping on.  Total pages: 260096
[    0.000000] Kernel command line: console=ttyS0,115200 console=tty0 console=tty1 sunxi_g2d_mem_reserve=0 sunxi_ve_mem_reserve=0 hdmi.audio=EDID:0 disp.screen0_output_mode=EDID:1680x1050p60 root=/dev/mmcblk0p2 rootfstype=ext4 elevator=deadline rootwait
[    0.000000] PID hash table entries: 4096 (order: 2, 16384 bytes)
[    0.000000] Dentry cache hash table entries: 131072 (order: 7, 524288 bytes)
[    0.000000] Inode-cache hash table entries: 65536 (order: 6, 262144 bytes)
[    0.000000] allocated 2097152 bytes of page_cgroup
[    0.000000] please try 'cgroup_disable=memory' option if you don't want memory cgroups
[    0.000000] Memory: 1024MB = 1024MB total
[    0.000000] Memory: 991664k/991664k available, 56912k reserved, 270336K highmem
[    0.000000] Virtual kernel memory layout:
[    0.000000]     vector  : 0xffff0000 - 0xffff1000   (   4 kB)
[    0.000000]     fixmap  : 0xfff00000 - 0xfffe0000   ( 896 kB)
[    0.000000]     vmalloc : 0xf0000000 - 0xff000000   ( 240 MB)
[    0.000000]     lowmem  : 0xc0000000 - 0xef800000   ( 760 MB)
[    0.000000]     pkmap   : 0xbfe00000 - 0xc0000000   (   2 MB)
[    0.000000]     modules : 0xbf000000 - 0xbfe00000   (  14 MB)
[    0.000000]       .text : 0xc0008000 - 0xc09d19c0   (10023 kB)
[    0.000000]       .init : 0xc09d2000 - 0xc0a29ec0   ( 352 kB)
[    0.000000]       .data : 0xc0a2a000 - 0xc0aadd48   ( 528 kB)
[    0.000000]        .bss : 0xc0aadd6c - 0xc0ca33a8   (2006 kB)
[    0.000000] SLUB: Genslabs=11, HWalign=64, Order=0-3, MinObjects=0, CPUs=2, Nodes=1
[    0.000000] Preemptible hierarchical RCU implementation.
[    0.000000] 	RCU dyntick-idle grace-period acceleration is enabled.
[    0.000000] 	Additional per-CPU info printed with stalls.
[    0.000000] NR_IRQS:192
[    0.000000] Architected local timer running at 24.00MHz.
[    0.000000] sched_clock: 32 bits at 24MHz, resolution 41ns, wraps every 178956ms
[    0.000000] start_kernel(): bug: interrupts were enabled early
[    0.000000] Console: colour dummy device 80x30
[    0.000000] console [tty0] enabled
[    0.014134] Calibrating delay loop... 1816.98 BogoMIPS (lpj=9084928)
[    0.076015] pid_max: default: 32768 minimum: 301
[    0.079743] Mount-cache hash table entries: 512
[    0.084105] Initializing cgroup subsys cpuacct
[    0.087456] Initializing cgroup subsys memory
[    0.090908] Initializing cgroup subsys devices
[    0.094373] Initializing cgroup subsys freezer
[    0.097622] Initializing cgroup subsys blkio
[    0.101322] Initializing cgroup subsys perf_event
[    0.104948] CPU: Testing write buffer coherency: ok
[    0.109641] ftrace: allocating 23568 entries in 70 pages
[    0.160873] CPU0: thread -1, cpu 0, socket 0, mpidr 80000000
[    0.168060] hw perfevents: enabled with ARMv7 Cortex-A7 PMU driver, 5 counters available
[    0.173650] Setting up static identity map for 0x406b3640 - 0x406b3698
[    0.289756] CPU1: Booted secondary processor
[    0.348646] CPU1: thread -1, cpu 1, socket 0, mpidr 80000001
[    0.350665] Brought up 2 CPUs
[    0.356013] SMP: Total of 2 processors activated (3640.52 BogoMIPS).
[    0.359382] devtmpfs: initialized
[    0.365670] dummy: 
[    0.369404] NET: Registered protocol family 16
[    0.375777] DMA: preallocated 256 KiB pool for atomic coherent allocations
[    0.383673] hw-breakpoint: found 5 (+1 reserved) breakpoint and 4 watchpoint registers.
[    0.388536] hw-breakpoint: maximum watchpoint size is 8 bytes.
[    0.391709] [ccu-inf] aw clock manager init
[    0.393993] [ccu-inf] aw_ccu_init
[    0.398001] [ccu-inf] script config pll3 to 297MHz
[    0.401771] [ccu-inf] script config pll4 to 300MHz
[    0.405532] [ccu-inf] script config pll6 to 600MHz
[    0.409308] [ccu-inf] script config pll7 to 297MHz
[    0.413070] [ccu-inf] script config pll8 to 336MHz
[    0.415865] Init eGon pin module V2.0
[    0.426348] bio: create slab <bio-0> at 0
[    0.430044] sunxi_gpio driver init ver 1.3
[    0.436393] gpiochip_add: registered GPIOs 1 to 88 on device: A1X_GPIO
[    0.439692] SCSI subsystem initialized
[    0.442569] libata version 3.00 loaded.
[    0.447241] usbcore: registered new interface driver usbfs
[    0.451631] usbcore: registered new interface driver hub
[    0.455865] usbcore: registered new device driver usb
[    0.459075] Linux media interface: v0.10
[    0.462710] Linux video capture interface: v2.00
[    0.468521] Advanced Linux Sound Architecture Driver Version 1.0.25.
[    0.473698] Switching to clocksource arch_sys_counter
[    0.497779] FS-Cache: Loaded
[    0.500160] CacheFiles: Loaded
[    0.514668] WRN:L287(drivers/usb/sunxi_usb/manager/usb_manager.c):ERR: det_vbus pin is invaild
[    0.522047] WRN:L426(drivers/usb/sunxi_usb/manager/usb_manager.c):ERR: check_usb_board_info failed
[    0.529724] WRN:L480(drivers/usb/sunxi_usb/manager/usb_manager.c):ERR: get_usb_cfg failed
[    0.536098] NET: Registered protocol family 2
[    0.553055] IP route cache hash table entries: 32768 (order: 5, 131072 bytes)
[    0.560048] TCP established hash table entries: 131072 (order: 8, 1048576 bytes)
[    0.567643] TCP bind hash table entries: 65536 (order: 7, 786432 bytes)
[    0.574343] TCP: Hash tables configured (established 131072 bind 65536)
[    0.576566] TCP: reno registered
[    0.581455] UDP hash table entries: 512 (order: 2, 16384 bytes)
[    0.586809] UDP-Lite hash table entries: 512 (order: 2, 16384 bytes)
[    0.590476] NET: Registered protocol family 1
[    0.595907] RPC: Registered named UNIX socket transport module.
[    0.599649] RPC: Registered udp transport module.
[    0.603322] RPC: Registered tcp transport module.
[    0.608726] RPC: Registered tcp NFSv4.1 backchannel transport module.
[    0.614489] audit: initializing netlink socket (disabled)
[    0.618288] type=2000 audit(0.600:1): initialized
[    0.622844] highmem bounce pool size: 64 pages
[    0.635194] VFS: Disk quotas dquot_6.5.2
[    0.640800] Dquot-cache hash table entries: 1024 (order 0, 4096 bytes)
[    0.647898] squashfs: version 4.0 (2009/01/31) Phillip Lougher
[    0.652680] NFS: Registering the id_resolver key type
[    0.657455] NTFS driver 2.1.30 [Flags: R/W].
[    0.661016] fuse init (API version 7.18)
[    0.664562] msgmni has been set to 1408
[    0.672331] alg: No test for stdrng (krng)
[    0.679032] Block layer SCSI generic (bsg) driver version 0.4 loaded (major 252)
[    0.682149] io scheduler noop registered
[    0.686264] io scheduler deadline registered (default)
[    0.689166] io scheduler cfq registered
[    0.694055] sunxi disp driver loaded (/dev/disp api 1.0)
[    0.699780] Serial: 8250/16550 driver, 32 ports, IRQ sharing disabled
[    0.708785] [uart]: used uart info.: 0x8d
[    0.713516] [uart]: serial probe 0 irq 33 mapbase 0x01c28000
[    0.739974] sunxi-uart.0: ttyS0 at MMIO 0x1c28000 (irq = 33) is a U6_16550A
[    1.349250] console [ttyS0] enabled
[    1.357680] [uart]: serial probe 2 irq 35 mapbase 0x01c28800
[    1.389649] sunxi-uart.2: ttyS1 at MMIO 0x1c28800 (irq = 35) is a U6_16550A
[    1.401526] [uart]: serial probe 3 irq 36 mapbase 0x01c28c00
[    1.433455] sunxi-uart.3: ttyS2 at MMIO 0x1c28c00 (irq = 36) is a U6_16550A
[    1.445328] [uart]: serial probe 7 irq 52 mapbase 0x01c29c00
[    1.477249] sunxi-uart.7: ttyS3 at MMIO 0x1c29c00 (irq = 52) is a U6_16550A
[    1.486867] G2D: drv_g2d_init
[    1.490215] G2D: Module initialized.major:250
[    1.504060] brd: module loaded
[    1.512820] loop: module loaded
[    1.519930] gpio count < =0 ,gpio_count is: 0
[    1.530270] sw_ahci sw_ahci.0: controller can't do PMP, turning off CAP_PMP
[    1.541733] ahci: SSS flag set, parallel bus scan disabled
[    1.554671] sw_ahci sw_ahci.0: AHCI 0001.0100 32 slots 1 ports 3 Gbps 0x1 impl platform mode
[    1.570004] sw_ahci sw_ahci.0: flags: ncq sntf stag pm led clo only pio slum part ccc 
[    1.581344] scsi0 : sw_ahci_platform
[    1.592196] ata1: SATA max UDMA/133 mmio [mem 0x01c18000-0x01c18fff] port 0x100 irq 88
[    1.604436] Fixed MDIO Bus: probed
[    1.612643] eth%d: device MAC address 02:93:09:81:b4:02
[    1.620950] gmac_para gpio count is 18
[    1.626174] [gmac]: sun6i_gmac platform driver registration completed
[    1.629487] PPP generic driver version 2.4.2
[    1.637757] PPP BSD Compression module registered
[    1.646472] PPP Deflate Compression module registered
[    1.654961] NET: Registered protocol family 24
[    1.665271] ehci_hcd: USB 2.0 'Enhanced' Host Controller (EHCI) Driver
[    1.677050] ohci_hcd: USB 1.1 'Open' Host Controller (OHCI) Driver
[    1.685711] [sw-ehci1]: open clock
[    1.708402] [sw-ehci1]: Set USB Power ON
[    1.714841] sw-ehci sw-ehci.1: SW USB2.0 'Enhanced' Host Controller (EHCI) Driver
[    1.728601] sw-ehci sw-ehci.1: new USB bus registered, assigned bus number 1
[    1.740071] sw-ehci sw-ehci.1: irq 71, io mem 0x01c14000
[    1.768155] sw-ehci sw-ehci.1: USB 2.0 started, EHCI 1.00
[    1.776179] ehci_irq: port change detect
[    1.782069] usb usb1: New USB device found, idVendor=1d6b, idProduct=0002
[    1.795058] usb usb1: New USB device strings: Mfr=3, Product=2, SerialNumber=1
[    1.808734] usb usb1: Product: SW USB2.0 'Enhanced' Host Controller (EHCI) Driver
[    1.820762] usb usb1: Manufacturer: Linux 3.4.113+ ehci_hcd
[    1.829485] usb usb1: SerialNumber: sw-ehci
[    1.836993] hub 1-0:1.0: USB hub found
[    1.843647] hub 1-0:1.0: 1 port detected
[    1.850217] [sw-ohci1]: open clock
[    1.876369] sw-ohci sw-ohci.1: SW USB2.0 'Open' Host Controller (OHCI) Driver
[    1.889810] sw-ohci sw-ohci.1: new USB bus registered, assigned bus number 2
[    1.901189] sw-ohci sw-ohci.1: irq 96, io mem 0x01c14400
[    1.948164] ata1: SATA link down (SStatus 0 SControl 300)
[    1.973640] usb usb2: New USB device found, idVendor=1d6b, idProduct=0001
[    1.986643] usb usb2: New USB device strings: Mfr=3, Product=2, SerialNumber=1
[    1.999974] usb usb2: Product: SW USB2.0 'Open' Host Controller (OHCI) Driver
[    2.011650] usb usb2: Manufacturer: Linux 3.4.113+ ohci_hcd
[    2.020377] usb usb2: SerialNumber: sw-ohci
[    2.027840] hub 2-0:1.0: USB hub found
[    2.034490] hub 2-0:1.0: 1 port detected
[    2.041055] [sw-ehci2]: open clock
[    2.046520] ehci_irq: port change detect
[    2.066517] [sw-ehci2]: Set USB Power ON
[    2.072954] sw-ehci sw-ehci.2: SW USB2.0 'Enhanced' Host Controller (EHCI) Driver
[    2.086726] sw-ehci sw-ehci.2: new USB bus registered, assigned bus number 3
[    2.098212] sw-ehci sw-ehci.2: irq 72, io mem 0x01c1c000
[    2.106496] The port change to OHCI now!
[    2.128161] sw-ehci sw-ehci.2: USB 2.0 started, EHCI 1.00
[    2.139402] usb usb3: New USB device found, idVendor=1d6b, idProduct=0002
[    2.152441] usb usb3: New USB device strings: Mfr=3, Product=2, SerialNumber=1
[    2.166121] usb usb3: Product: SW USB2.0 'Enhanced' Host Controller (EHCI) Driver
[    2.178150] usb usb3: Manufacturer: Linux 3.4.113+ ehci_hcd
[    2.186883] usb usb3: SerialNumber: sw-ehci
[    2.194367] hub 3-0:1.0: USB hub found
[    2.201052] hub 3-0:1.0: 1 port detected
[    2.207641] [sw-ohci2]: open clock
[    2.233797] sw-ohci sw-ohci.2: SW USB2.0 'Open' Host Controller (OHCI) Driver
[    2.247199] sw-ohci sw-ohci.2: new USB bus registered, assigned bus number 4
[    2.258641] sw-ohci sw-ohci.2: irq 97, io mem 0x01c1c400
[    2.333614] usb usb4: New USB device found, idVendor=1d6b, idProduct=0001
[    2.346600] usb usb4: New USB device strings: Mfr=3, Product=2, SerialNumber=1
[    2.359929] usb usb4: Product: SW USB2.0 'Open' Host Controller (OHCI) Driver
[    2.371606] usb usb4: Manufacturer: Linux 3.4.113+ ohci_hcd
[    2.380337] usb usb4: SerialNumber: sw-ohci
[    2.387836] hub 4-0:1.0: USB hub found
[    2.394494] hub 4-0:1.0: 1 port detected
[    2.399802] usb 2-1: new low-speed USB device number 2 using sw-ohci
[    2.414403] Initializing USB Mass Storage driver...
[    2.424487] usbcore: registered new interface driver usb-storage
[    2.434091] USB Mass Storage support registered.
[    2.443602] mousedev: PS/2 mouse device common for all mice
[    2.454290] input: sunxi-ir as /devices/virtual/input/input0
[    2.461508] IR Initial OK
[    2.467177] sunxi-rtc sunxi-rtc: rtc core: registered rtc as rtc0
[    2.475833] i2c /dev entries driver
[    2.483201] config i2c gpio with gpio_config api
[    2.488894] axp_mfd 0-0034: AXP (CHIP ID: 0x41) detected
[    2.500054] axp_mfd 0-0034: AXP internal temperature monitoring enabled
[    2.512017] [AXP]axp driver uning configuration failed(342)
[    2.513945] [AXP]power_start = 0
[    2.517045] I2C: i2c-0: AW16XX I2C adapter
[    2.524546] config i2c gpio with gpio_config api
[    2.527981] I2C: i2c-1: AW16XX I2C adapter
[    2.535471] config i2c gpio with gpio_config api
[    2.538864] I2C: i2c-2: AW16XX I2C adapter
[    2.546357] config i2c gpio with gpio_config api
[    2.549763] I2C: i2c-3: AW16XX I2C adapter
[    2.555710] [ace_drv] start!!!
[    2.558164] [ace_drv] init end!!!
[    2.559831] [pa_drv] start!!!
[    2.562090] [pa_drv] init end!!!
[    2.566193] Driver for 1-wire Dallas network protocol.
[    2.575610] invalid gpio pin in fex configuration : -1
[    2.583268] axp20_ldo1: 1300 mV 
[    2.591803] axp20_ldo2: 1800 <--> 3300 mV at 3000 mV 
[    2.602249] axp20_ldo3: 700 <--> 3500 mV at 2800 mV 
[    2.612954] usb 2-1: New USB device found, idVendor=046d, idProduct=c534
[    2.616961] axp20_ldo4: 1250 <--> 3300 mV at 2800 mV 
[    2.632705] axp20_buck2: 700 <--> 2275 mV at 1450 mV 
[    2.643578] somebody is trying to set dcdc3 range to (1300000, 1300000) uV
[    2.655235] but we keep dcdc3 = 1250000 uV from the bootloader
[    2.665068] axp20_buck3: 700 <--> 3500 mV at 1250 mV 
[    2.674293] axp20_ldoio0: 1800 <--> 3300 mV at 2800 mV 
[    2.688459] input: axp20-supplyer as /devices/platform/sunxi-i2c.0/i2c-0/0-0034/axp20-supplyer.28/input/input1
[    2.704681] usb 2-1: New USB device strings: Mfr=0, Product=0, SerialNumber=0
[    2.717090] axp20_ldo2: Failed to create debugfs directory
[    2.727871] device-mapper: uevent: version 1.0.3
[    2.740336] device-mapper: ioctl: 4.22.0-ioctl (2011-10-19) initialised: dm-devel@redhat.com
[    2.752106] cpuidle: using governor ladder
[    2.759126] cpuidle: using governor menu
[    2.765383] [mmc-msg] sw_mci_init
[    2.774443] [mmc-msg] MMC host used card: 0x1, boot card: 0x0, io_card 0
[    2.786446] [mmc-msg] sdc0 set round clock 400000, src 24000000
[    2.800726] [mmc-msg] sdc0 set ios: clk 0Hz bm OD pm OFF vdd 3.3V width 1 timing LEGACY(SDR12) dt B
[    2.817996] [mmc-msg] sdc0 Probe: base:0xf0154000 irq:64 sg_cpu:f0156000(4fc00000) ret 0.
[    2.830778] [mmc_pm]: failed to fetch sdio card configuration!
[    2.833238] sunxi_leds driver init
[    2.840764] Registered led device: green:ph24:led1
[    2.845804] ledtrig-cpu: registered to indicate activity on CPUs
[    2.867448] input: HID 046d:c534 as /devices/platform/sw-ohci.1/usb2/2-1/2-1:1.0/input/input2
[    2.886663] generic-usb 0003:046D:C534.0001: input,hidraw0: USB HID v1.00 Keyboard [HID 046d:c534] on usb-sw-ohci-1/input0
[    2.915611] input: HID 046d:c534 as /devices/platform/sw-ohci.1/usb2/2-1/2-1:1.1/input/input3
[    2.934722] generic-usb 0003:046D:C534.0002: input,hidraw1: USB HID v1.11 Mouse [HID 046d:c534] on usb-sw-ohci-1/input1
[    2.950224] usbcore: registered new interface driver usbhid
[    2.958618] usbhid: USB HID core driver
[    2.965199] ashmem: initialized
[    2.972037] logger: created 256K log 'log_main'
[    2.980409] logger: created 256K log 'log_events'
[    2.988837] logger: created 256K log 'log_radio'
[    2.997246] logger: created 256K log 'log_system'
[    3.008236] IPv4 over IPv4 tunneling driver
[    3.015231] TCP: bic registered
[    3.020702] TCP: cubic registered
[    3.026570] TCP: westwood registered
[    3.032764] TCP: highspeed registered
[    3.038708] TCP: hybla registered
[    3.044206] TCP: htcp registered
[    3.049718] TCP: vegas registered
[    3.055215] TCP: veno registered
[    3.061056] TCP: scalable registered
[    3.066663] TCP: lp registered
[    3.071901] TCP: yeah registered
[    3.077672] TCP: illinois registered
[    3.084471] Initializing XFRM netlink socket
[    3.092883] NET: Registered protocol family 10
[    3.101893] NET: Registered protocol family 17
[    3.109848] NET: Registered protocol family 15
[    3.118981] [mmc_pm]: No sdio card, please check your config !!
[    3.122655] Registering the dns_resolver key type
[    3.129545] VFP support v0.3: implementor 41 architecture 2 part 30 variant 7 rev 4
[    3.145802] Registering SWP/SWPB emulation handler
[    3.155239] axp20_buck2: Failed to create debugfs directory
[    3.167005] [cpu_freq] INF:-------------------V-F Table-------------------
[    3.178956] [cpu_freq] INF:	voltage = 1450mv 	frequency = 1008MHz
[    3.190111] [cpu_freq] INF:	voltage = 1425mv 	frequency =  912MHz
[    3.201264] [cpu_freq] INF:	voltage = 1350mv 	frequency =  864MHz
[    3.212427] [cpu_freq] INF:	voltage = 1250mv 	frequency =  720MHz
[    3.223576] [cpu_freq] INF:	voltage = 1150mv 	frequency =  528MHz
[    3.234728] [cpu_freq] INF:	voltage = 1100mv 	frequency =  312MHz
[    3.245880] [cpu_freq] INF:	voltage = 1050mv 	frequency =  144MHz
[    3.257031] [cpu_freq] INF:	voltage = 1000mv 	frequency =    0MHz
[    3.268961] [cpu_freq] INF:-----------------------------------------------
[    3.285584] [cpu_freq] INF:sunxi_cpufreq_initcall, get cpu frequency from sysconfig, max freq: 912MHz, min freq: 720MHz
[    3.300293] registered taskstats version 1
[    3.310168] [DISP] Unsupported mode: 1680x1050p60, ignoring
[    3.319318] I2C: i2c-4: HDMI I2C adapter
[    3.345015] ParseEDID
[    3.361988] EDID version: 1.3
[    3.371165] PCLK=655350000 X 4095 5118 6141 8190 Y 4095 4158 4221 8190 fr 9 PP
[    3.384585] PCLK=655350000 X 4095 5118 6141 8190 Y 4095 4158 4221 8190 fr 9 PP
[    3.402330] Reserved SVD code 90
[    3.407686] Reserved SVD code 0
[    3.412923] Reserved SVD code 0
[    3.422007] disp_clk: Could not find a matching pll-freq for 542000000 pclk
[    3.434814] disp_clk: Could not find a matching pll-freq for 88400000 pclk
[    3.447530] disp_clk: Could not find a matching pll-freq for 74600000 pclk
[    3.460333] disp_clk: Could not find a matching pll-freq for 146850000 pclk
[    3.473138] disp_clk: Could not find a matching pll-freq for 78800000 pclk
[    3.485858] disp_clk: Could not find a matching pll-freq for 26150000 pclk
[    3.498660] disp_clk: Could not find a matching pll-freq for 655750000 pclk
[    3.509220] Parse_AudioData_Block: max channel=2
[    3.517769] Parse_AudioData_Block: SampleRate code=7
[    3.526389] Parse_AudioData_Block: WordLen code=7
[    3.534589] Find HDMI Vendor Specific DataBlock
[    3.543571] Parse_VideoData_Block: VIC 16 (native) support
[    3.553421] Parse_VideoData_Block: VIC 4 (native) support
[    3.562404] Parse_VideoData_Block: VIC 2 support
[    3.572517] PCLK=27000000 X 720 736 798 858 Y 480 489 495 525 fr 59 NN
[    3.582891] Using above mode as preferred EDID mode
[    3.593465] asoc: sndhdmi <-> sunxi-hdmiaudio.0 mapping ok
[    3.602930] waited 0 ms for EDID info
[    3.612999] disp clks: lcd 54000000 pre_scale 2 hdmi 27000000 pll 270000000 2x 0
[    3.792692] [mmc-msg] mmc 0 detect change, present 1
[    3.845790] Console: switching to colour frame buffer device 90x30
[    3.869261] axp20_buck3: incomplete constraints, leaving on
[    3.882418] axp20_buck2: incomplete constraints, leaving on
[    3.895304] axp20_ldo4: incomplete constraints, leaving on
[    3.908036] axp20_ldo3: incomplete constraints, leaving on
[    3.920642] axp20_ldo2: incomplete constraints, leaving on
[    3.933199] axp20_ldo1: incomplete constraints, leaving on
[    3.944018] console [netcon0] enabled
[    3.953632] netconsole: network logging started
[    3.964755] otg_wakelock_init: No USB transceiver found
[    3.979995] sunxi-rtc sunxi-rtc: setting system clock to 2018-08-20 17:21:31 UTC (1534785691)
[    3.995901] ALSA device list:
[    4.004658]   #0: sunxi-CODEC  Audio Codec
[    4.013690]   #1: sunxi-sndhdmi
[    4.025697] md: Waiting for all devices to be available before autodetect
[    4.040033] md: If you don't use raid, use raid=noautodetect
[    4.052496] md: Autodetecting RAID arrays.
[    4.063096] md: Scanned 0 and added 0 devices.
[    4.072270] md: autorun ...
[    4.080230] md: ... autorun DONE.
[    4.090713] Waiting for root device /dev/mmcblk0p2...
[    4.301723] [mmc-msg] sdc0 set ios: clk 0Hz bm PP pm UP vdd 3.3V width 1 timing LEGACY(SDR12) dt B
[    4.319189] [mmc-msg] sdc0 power on
[    4.352135] [mmc-msg] sdc0 set ios: clk 400000Hz bm PP pm ON vdd 3.3V width 1 timing LEGACY(SDR12) dt B
[    4.372552] [mmc-msg] sdc0 set round clock 400000, src 24000000
[    4.459441] [mmc-err] smc 0 err, cmd 52,  RTO
[    4.470991] [mmc-err] smc 0 err, cmd 52,  RTO
[    4.486633] [mmc-msg] sdc0 set ios: clk 400000Hz bm PP pm ON vdd 3.3V width 1 timing LEGACY(SDR12) dt B
[    4.512845] [mmc-msg] sdc0 set ios: clk 400000Hz bm PP pm ON vdd 3.3V width 1 timing LEGACY(SDR12) dt B
[    4.534110] [mmc-err] smc 0 err, cmd 5,  RTO
[    4.545853] [mmc-err] smc 0 err, cmd 5,  RTO
[    4.557582] [mmc-err] smc 0 err, cmd 5,  RTO
[    4.569214] [mmc-err] smc 0 err, cmd 5,  RTO
[    4.585729] [mmc-msg] sdc0 set ios: clk 400000Hz bm PP pm ON vdd 3.3V width 1 timing LEGACY(SDR12) dt B
[    4.610037] [mmc-msg] sdc0 set ios: clk 400000Hz bm PP pm ON vdd 3.3V width 1 timing LEGACY(SDR12) dt B
[    4.636829] [mmc-msg] sdc0 set ios: clk 400000Hz bm PP pm ON vdd 3.3V width 1 timing LEGACY(SDR12) dt B
[    4.674014] [mmc-msg] sdc0 set ios: clk 400000Hz bm PP pm ON vdd 3.3V width 1 timing SD-HS(SDR25) dt B
[    4.699109] [mmc-msg] sdc0 set ios: clk 50000000Hz bm PP pm ON vdd 3.3V width 1 timing SD-HS(SDR25) dt B
[    4.721384] [mmc-msg] sdc0 set round clock 42857143, src 600000000
[    4.795061] [mmc-msg] sdc0 set ios: clk 50000000Hz bm PP pm ON vdd 3.3V width 4 timing SD-HS(SDR25) dt B
[    4.817109] mmc0: new high speed SDHC card at address 0001
[    4.830594] mmcblk0: mmc0:0001 00000 29.8 GiB 
[    4.842220]  mmcblk0: p1 p2
[    4.883231] EXT4-fs (mmcblk0p2): warning: mounting unchecked fs, running e2fsck is recommended
[    4.931018] EXT4-fs (mmcblk0p2): mounted filesystem without journal. Opts: (null)
[    4.947719] VFS: Mounted root (ext4 filesystem) on device 179:2.
[    4.968910] devtmpfs: mounted
[    4.979239] Freeing init memory: 348K
[    5.869756] systemd-udevd[157]: starting version 215
[    9.534251] EXT4-fs (mmcblk0p2): re-mounted. Opts: (null)
[   10.507101] Adding 524284k swap on /swapfile1.  Priority:-1 extents:3 across:622588k SS
[   11.127600] 8021q: 802.1Q VLAN Support v1.8
[   12.756253] GMAC gpio_power_hd:gpio_direction_output
[   13.020725] eth0: device MAC address 02:93:09:81:b4:02
[   13.045385] sunxi_gmac: probed
[   13.058307] eth0: PHY ID 001cc915 at 0 IRQ 0 (sunxi_gmac-0:00) active
[   13.074079] eth0: PHY ID 001cc915 at 1 IRQ 0 (sunxi_gmac-0:01)
[   19.087014] PHY: sunxi_gmac-0:00 - Link is Up - 1000/Full
[   32.219226] openvswitch: Open vSwitch switching datapath
[   34.233711] EXT4-fs (mmcblk0p2): re-mounted. Opts: (null)
[   64.100207] VT-GPIO_TEST: Initializing the Virtual Time GPIO_TEST LKM
[   64.111552] VT-GPIO_TEST: Input signal is mapped to IRQ: 181
[   64.116262] VT-GPIO_TEST: Input signal is mapped to IRQ: 182
[   64.133074] VT-GPIO_TEST: The interrupt rising request result is 0
[   64.144672] VT-GPIO_TEST: The interrupt rising request result is 0
[   75.058385] ParseEDID
[   75.137676] EDID version: 1.3
[   75.147017] PCLK=655350000 X 4095 5118 6141 8190 Y 4095 4158 4221 8190 fr 9 PP
[   75.160776] PCLK=655350000 X 4095 5118 6141 8190 Y 4095 4158 4221 8190 fr 9 PP
[   75.250380] Reserved SVD code 90
[   75.252481] Reserved SVD code 0
[   75.254579] Reserved SVD code 0
[   75.260519] disp_clk: Could not find a matching pll-freq for 542000000 pclk
[   75.266383] disp_clk: Could not find a matching pll-freq for 88400000 pclk
[   75.272215] disp_clk: Could not find a matching pll-freq for 74600000 pclk
[   75.278161] disp_clk: Could not find a matching pll-freq for 146850000 pclk
[   75.284020] disp_clk: Could not find a matching pll-freq for 78800000 pclk
[   75.289860] disp_clk: Could not find a matching pll-freq for 26150000 pclk
[   75.295801] disp_clk: Could not find a matching pll-freq for 655750000 pclk
[   75.410666] Parse_AudioData_Block: max channel=2
[   75.423077] Parse_AudioData_Block: SampleRate code=7
[   75.435487] Parse_AudioData_Block: WordLen code=7
[   75.447428] Find HDMI Vendor Specific DataBlock
[   75.460116] Parse_VideoData_Block: VIC 16 (native) support
[   75.473635] Parse_VideoData_Block: VIC 4 (native) support
[   75.486126] Parse_VideoData_Block: VIC 2 support
[   75.499579] PCLK=27000000 X 720 736 798 858 Y 480 489 495 525 fr 59 NN
[   94.769858] ParseEDID
[   94.849175] EDID version: 1.3
[   94.862020] PCLK=655350000 X 4095 5118 6141 8190 Y 4095 4158 4221 8190 fr 9 PP
[   94.879277] PCLK=655350000 X 4095 5118 6141 8190 Y 4095 4158 4221 8190 fr 9 PP
[   94.939003] i2c i2c-4: unable to read EDID block 1, try 1/3
[   94.950292] HDMI not connected
[   94.961521] i2c i2c-4: unable to read EDID block 1, try 2/3
[   94.972891] HDMI not connected
[   94.984165] i2c i2c-4: unable to read EDID block 1, try 3/3
[   94.999510] disp_clk: Could not find a matching pll-freq for 542000000 pclk
[   95.005377] disp_clk: Could not find a matching pll-freq for 88400000 pclk
[   95.011209] disp_clk: Could not find a matching pll-freq for 74600000 pclk
[   95.017160] disp_clk: Could not find a matching pll-freq for 146850000 pclk
[   95.022995] disp_clk: Could not find a matching pll-freq for 78800000 pclk
[   95.036565] disp_clk: Could not find a matching pll-freq for 26150000 pclk
[   95.042485] disp_clk: Could not find a matching pll-freq for 655750000 pclk
[   95.048952] disp clks: lcd 25200000 pre_scale 1 hdmi 25200000 pll 252000000 2x 0
[   95.055654] disp clks: lcd 25200000 pre_scale 1 hdmi 25200000 pll 252000000 2x 0
[   95.069905] disp clks: lcd 25200000 pre_scale 1 hdmi 25200000 pll 252000000 2x 0
[   95.084058] disp clks: lcd 25200000 pre_scale 1 hdmi 25200000 pll 252000000 2x 0
[   95.090632] disp clks: lcd 25200000 pre_scale 1 hdmi 25200000 pll 252000000 2x 0
[   95.097199] disp clks: lcd 25200000 pre_scale 1 hdmi 25200000 pll 252000000 2x 0
[   95.103725] disp clks: lcd 25200000 pre_scale 1 hdmi 25200000 pll 252000000 2x 0
[   95.110285] disp clks: lcd 25200000 pre_scale 1 hdmi 25200000 pll 252000000 2x 0
[   98.802709] ParseEDID
[   98.884331] EDID version: 1.3
[   98.896782] PCLK=655350000 X 4095 5118 6141 8190 Y 4095 4158 4221 8190 fr 9 PP
[   98.916795] PCLK=655350000 X 4095 5118 6141 8190 Y 4095 4158 4221 8190 fr 9 PP
[   99.014668] Reserved SVD code 90
[   99.016772] Reserved SVD code 0
[   99.018866] Reserved SVD code 0
[   99.024802] disp_clk: Could not find a matching pll-freq for 542000000 pclk
[   99.030649] disp_clk: Could not find a matching pll-freq for 88400000 pclk
[   99.036482] disp_clk: Could not find a matching pll-freq for 74600000 pclk
[   99.042398] disp_clk: Could not find a matching pll-freq for 146850000 pclk
[   99.048237] disp_clk: Could not find a matching pll-freq for 78800000 pclk
[   99.054072] disp_clk: Could not find a matching pll-freq for 26150000 pclk
[   99.059999] disp_clk: Could not find a matching pll-freq for 655750000 pclk
[   99.066426] disp clks: lcd 25200000 pre_scale 1 hdmi 25200000 pll 252000000 2x 0
[   99.072967] disp clks: lcd 25200000 pre_scale 1 hdmi 25200000 pll 252000000 2x 0
[   99.084000] disp clks: lcd 25200000 pre_scale 1 hdmi 25200000 pll 252000000 2x 0
[   99.090481] disp clks: lcd 25200000 pre_scale 1 hdmi 25200000 pll 252000000 2x 0
[   99.096936] disp clks: lcd 25200000 pre_scale 1 hdmi 25200000 pll 252000000 2x 0
[   99.103378] disp clks: lcd 25200000 pre_scale 1 hdmi 25200000 pll 252000000 2x 0
[   99.109834] disp clks: lcd 25200000 pre_scale 1 hdmi 25200000 pll 252000000 2x 0
[   99.299292] Parse_AudioData_Block: max channel=2
[   99.311092] Parse_AudioData_Block: SampleRate code=7
[   99.322857] Parse_AudioData_Block: WordLen code=7
[   99.331043] Find HDMI Vendor Specific DataBlock
[   99.340150] Parse_VideoData_Block: VIC 16 (native) support
[   99.350075] Parse_VideoData_Block: VIC 4 (native) support
[   99.359043] Parse_VideoData_Block: VIC 2 support
[   99.369157] PCLK=27000000 X 720 736 798 858 Y 480 489 495 525 fr 59 NN
[  141.511288] GMAC gpio_power_hd:gpio_direction_output
[  141.710665] eth0: device MAC address 02:93:09:81:b4:02
[  141.857212] sunxi_gmac: probed
[  141.881106] eth0: PHY ID 001cc915 at 0 IRQ 0 (sunxi_gmac-0:00) active
[  141.909395] eth0: PHY ID 001cc915 at 1 IRQ 0 (sunxi_gmac-0:01)
[  141.960595] ADDRCONF(NETDEV_UP): eth0: link is not ready
[  147.936817] PHY: sunxi_gmac-0:00 - Link is Up - 1000/Full
[  147.963973] ADDRCONF(NETDEV_CHANGE): eth0: link becomes ready
[  159.755240] ParseEDID
[  159.858517] EDID version: 1.3
[  159.883595] PCLK=655350000 X 4095 5118 6141 8190 Y 4095 4158 4221 8190 fr 9 PP
[  159.927272] PCLK=655350000 X 4095 5118 6141 8190 Y 4095 4158 4221 8190 fr 9 PP
[  160.050640] Reserved SVD code 90
[  160.052897] Reserved SVD code 0
[  160.055144] Reserved SVD code 0
[  160.062168] disp_clk: Could not find a matching pll-freq for 542000000 pclk
[  160.068289] disp_clk: Could not find a matching pll-freq for 88400000 pclk
[  160.074823] disp_clk: Could not find a matching pll-freq for 74600000 pclk
[  160.081371] disp_clk: Could not find a matching pll-freq for 146850000 pclk
[  160.087536] disp_clk: Could not find a matching pll-freq for 78800000 pclk
[  160.094389] disp_clk: Could not find a matching pll-freq for 26150000 pclk
[  160.100937] disp_clk: Could not find a matching pll-freq for 655750000 pclk
[  160.107797] disp clks: lcd 25200000 pre_scale 1 hdmi 25200000 pll 252000000 2x 0
[  160.116400] disp clks: lcd 25200000 pre_scale 1 hdmi 25200000 pll 252000000 2x 0
[  160.130902] disp clks: lcd 25200000 pre_scale 1 hdmi 25200000 pll 252000000 2x 0
[  160.139130] disp clks: lcd 25200000 pre_scale 1 hdmi 25200000 pll 252000000 2x 0
[  160.162360] disp clks: lcd 25200000 pre_scale 1 hdmi 25200000 pll 252000000 2x 0
[  160.181207] disp clks: lcd 25200000 pre_scale 1 hdmi 25200000 pll 252000000 2x 0
[  160.189433] disp clks: lcd 25200000 pre_scale 1 hdmi 25200000 pll 252000000 2x 0
[  160.663833] Parse_AudioData_Block: max channel=2
[  160.678045] Parse_AudioData_Block: SampleRate code=7
[  160.686504] Parse_AudioData_Block: WordLen code=7
[  160.711294] Find HDMI Vendor Specific DataBlock
[  160.730843] Parse_VideoData_Block: VIC 16 (native) support
[  160.735881] Parse_VideoData_Block: VIC 4 (native) support
[  160.740101] Parse_VideoData_Block: VIC 2 support
[  160.745784] PCLK=27000000 X 720 736 798 858 Y 480 489 495 525 fr 59 NN
[  183.110760] VT-GPIO_TEST: Dilating 1793
[  185.278750] VT-GPIO_BENCHMARK: Pause ; 0 ; 1047921 
[  186.365719] VT-GPIO_BENCHMARK: Resume ; 0 ; 817146 
[  187.459732] VT-GPIO_BENCHMARK: Pause ; 0 ; 784733 
[  188.576792] VT-GPIO_BENCHMARK: Resume ; 0 ; 867727 
[  189.670541] VT-GPIO_BENCHMARK: Pause ; 0 ; 771483 
[  190.759164] VT-GPIO_BENCHMARK: Resume ; 0 ; 846436 
[  191.876268] VT-GPIO_BENCHMARK: Pause ; 0 ; 753027 
[  192.987374] VT-GPIO_BENCHMARK: Resume ; 0 ; 918305 
[  194.140165] VT-GPIO_BENCHMARK: Pause ; 0 ; 757609 
[  195.248909] VT-GPIO_BENCHMARK: Resume ; 0 ; 818313 
[  196.341742] VT-GPIO_BENCHMARK: Pause ; 0 ; 771942 
[  197.435101] VT-GPIO_BENCHMARK: Resume ; 0 ; 818480 
[  198.556493] VT-GPIO_BENCHMARK: Pause ; 0 ; 773983 
[  199.669054] VT-GPIO_BENCHMARK: Resume ; 0 ; 821688 
[  200.791918] VT-GPIO_BENCHMARK: Pause ; 0 ; 758234 
[  201.905053] VT-GPIO_BENCHMARK: Resume ; 0 ; 819563 
[  203.030117] VT-GPIO_BENCHMARK: Pause ; 0 ; 762442 
[  204.144544] VT-GPIO_BENCHMARK: Resume ; 0 ; 871643 
[  205.258635] VT-GPIO_BENCHMARK: Pause ; 0 ; 755735 
[  206.374583] VT-GPIO_BENCHMARK: Resume ; 0 ; 895308 
[  207.486544] VT-GPIO_BENCHMARK: Pause ; 0 ; 766525 
[  208.600597] VT-GPIO_BENCHMARK: Resume ; 0 ; 822563 
[  209.696141] VT-GPIO_BENCHMARK: Pause ; 0 ; 789898 
[  210.787047] VT-GPIO_BENCHMARK: Resume ; 0 ; 824937 
[  211.911314] VT-GPIO_BENCHMARK: Pause ; 0 ; 822480 
[  213.025461] VT-GPIO_BENCHMARK: Resume ; 0 ; 823854 
[  214.120754] VT-GPIO_BENCHMARK: Pause ; 0 ; 752235 
[  215.235223] VT-GPIO_BENCHMARK: Resume ; 0 ; 833062 
[  216.327978] VT-GPIO_BENCHMARK: Pause ; 0 ; 794481 
[  217.418821] VT-GPIO_BENCHMARK: Resume ; 0 ; 830021 
[  218.545607] VT-GPIO_BENCHMARK: Pause ; 0 ; 744944 
[  219.658185] VT-GPIO_BENCHMARK: Resume ; 0 ; 857894 
[  220.776895] VT-GPIO_BENCHMARK: Pause ; 0 ; 762443 
[  221.867346] VT-GPIO_BENCHMARK: Resume ; 0 ; 840895 
[  265.818229] VT-GPIO_TEST: Dilating 1841
[  267.887667] VT-GPIO_BENCHMARK: Pause ; 0 ; 302935 
[  268.923352] VT-GPIO_BENCHMARK: Resume ; 0 ; 250106 
[  270.005321] VT-GPIO_BENCHMARK: Pause ; 0 ; 1171578 
[  271.132847] VT-GPIO_BENCHMARK: Resume ; 0 ; 814021 
[  272.231156] VT-GPIO_BENCHMARK: Pause ; 0 ; 770234 
[  273.320788] VT-GPIO_BENCHMARK: Resume ; 0 ; 812939 
[  274.441951] VT-GPIO_BENCHMARK: Pause ; 0 ; 752985 
[  275.558833] VT-GPIO_BENCHMARK: Resume ; 0 ; 820438 
[  276.680632] VT-GPIO_BENCHMARK: Pause ; 0 ; 749444 
[  277.792115] VT-GPIO_BENCHMARK: Resume ; 0 ; 825229 
[  278.883249] VT-GPIO_BENCHMARK: Pause ; 0 ; 792190 
[  279.972927] VT-GPIO_BENCHMARK: Resume ; 0 ; 818105 
[  281.094572] VT-GPIO_BENCHMARK: Pause ; 0 ; 753860 
[  282.205418] VT-GPIO_BENCHMARK: Resume ; 0 ; 825022 
[  283.323115] VT-GPIO_BENCHMARK: Pause ; 0 ; 767317 
[  284.413253] VT-GPIO_BENCHMARK: Resume ; 0 ; 834562 
[  285.536633] VT-GPIO_BENCHMARK: Pause ; 0 ; 767192 
[  286.650910] VT-GPIO_BENCHMARK: Resume ; 0 ; 901765 
[  287.762778] VT-GPIO_BENCHMARK: Pause ; 0 ; 745444 
[  288.881926] VT-GPIO_BENCHMARK: Resume ; 0 ; 826104 
[  289.976076] VT-GPIO_BENCHMARK: Pause ; 0 ; 775483 
[  291.065902] VT-GPIO_BENCHMARK: Resume ; 0 ; 830604 
[  292.188541] VT-GPIO_BENCHMARK: Pause ; 0 ; 758818 
[  293.302224] VT-GPIO_BENCHMARK: Resume ; 0 ; 826438 
[  294.424994] VT-GPIO_BENCHMARK: Pause ; 0 ; 752318 
[  295.539207] VT-GPIO_BENCHMARK: Resume ; 0 ; 898641 
[  296.647554] VT-GPIO_BENCHMARK: Pause ; 0 ; 777358 
[  297.741172] VT-GPIO_BENCHMARK: Resume ; 0 ; 838186 
[  298.865229] VT-GPIO_BENCHMARK: Pause ; 0 ; 768567 
[  299.979457] VT-GPIO_BENCHMARK: Resume ; 0 ; 844728 
[  301.103762] VT-GPIO_BENCHMARK: Pause ; 0 ; 751860 
[  302.239909] VT-GPIO_BENCHMARK: Resume ; 0 ; 827562 
[  303.364282] VT-GPIO_BENCHMARK: Pause ; 0 ; 770691 
[  304.478604] VT-GPIO_BENCHMARK: Resume ; 0 ; 845145 
[  421.830211] VT-GPIO_TEST: Dilating 1904
[  423.890696] VT-GPIO_BENCHMARK: Pause ; 0 ; 304560 
[  424.925408] VT-GPIO_BENCHMARK: Resume ; 0 ; 249898 
[  425.997032] VT-GPIO_BENCHMARK: Pause ; 0 ; 1149122 
[  427.122168] VT-GPIO_BENCHMARK: Resume ; 0 ; 821521 
[  428.238446] VT-GPIO_BENCHMARK: Pause ; 0 ; 755734 
[  429.345005] VT-GPIO_BENCHMARK: Resume ; 0 ; 820189 
[  430.459507] VT-GPIO_BENCHMARK: Pause ; 0 ; 757526 
[  431.571072] VT-GPIO_BENCHMARK: Resume ; 0 ; 830063 
[  432.663708] VT-GPIO_BENCHMARK: Pause ; 0 ; 788816 
[  433.751087] VT-GPIO_BENCHMARK: Resume ; 0 ; 838811 
[  434.872666] VT-GPIO_BENCHMARK: Pause ; 0 ; 762651 
[  435.983795] VT-GPIO_BENCHMARK: Resume ; 0 ; 835395 
[  437.075881] VT-GPIO_BENCHMARK: Pause ; 0 ; 793440 
[  438.169830] VT-GPIO_BENCHMARK: Resume ; 0 ; 822188 
[  439.291410] VT-GPIO_BENCHMARK: Pause ; 0 ; 746194 
[  440.403945] VT-GPIO_BENCHMARK: Resume ; 0 ; 827479 
[  441.502370] VT-GPIO_BENCHMARK: Pause ; 0 ; 768859 
[  442.593326] VT-GPIO_BENCHMARK: Resume ; 0 ; 819480 
[  443.717465] VT-GPIO_BENCHMARK: Pause ; 0 ; 750985 
[  444.832184] VT-GPIO_BENCHMARK: Resume ; 0 ; 893891 
[  445.944763] VT-GPIO_BENCHMARK: Pause ; 0 ; 748652 
[  447.060698] VT-GPIO_BENCHMARK: Resume ; 0 ; 821605 
[  448.183711] VT-GPIO_BENCHMARK: Pause ; 0 ; 750193 
[  449.297740] VT-GPIO_BENCHMARK: Resume ; 0 ; 828812 
[  450.418911] VT-GPIO_BENCHMARK: Pause ; 0 ; 748277 
[  451.518059] VT-GPIO_BENCHMARK: Resume ; 0 ; 826604 
[  452.612207] VT-GPIO_BENCHMARK: Pause ; 0 ; 762193 
[  453.705065] VT-GPIO_BENCHMARK: Resume ; 0 ; 834104 
[  454.827898] VT-GPIO_BENCHMARK: Pause ; 0 ; 764359 
[  455.939667] VT-GPIO_BENCHMARK: Resume ; 0 ; 848062 
[  457.061470] VT-GPIO_BENCHMARK: Pause ; 0 ; 759484 
[  458.174328] VT-GPIO_BENCHMARK: Resume ; 0 ; 818855 
[  459.269036] VT-GPIO_BENCHMARK: Pause ; 0 ; 771442 
[  460.363462] VT-GPIO_BENCHMARK: Resume ; 0 ; 839853 
[  656.554850] VT-GPIO_TEST: Dilating 1957
[  658.618855] VT-GPIO_BENCHMARK: Pause ; 0 ; 303561 
[  659.654749] VT-GPIO_BENCHMARK: Resume ; 0 ; 247689 
[  660.838081] VT-GPIO_BENCHMARK: Pause ; 0 ; 1151163 
[  662.012223] VT-GPIO_BENCHMARK: Resume ; 0 ; 1251989 
[  663.126278] VT-GPIO_BENCHMARK: Pause ; 0 ; 782440 
[  664.214527] VT-GPIO_BENCHMARK: Resume ; 0 ; 820521 
[  665.335087] VT-GPIO_BENCHMARK: Pause ; 0 ; 768900 
[  666.446393] VT-GPIO_BENCHMARK: Resume ; 0 ; 826271 
[  667.543562] VT-GPIO_BENCHMARK: Pause ; 0 ; 769442 
[  668.633201] VT-GPIO_BENCHMARK: Resume ; 0 ; 819771 
[  669.726165] VT-GPIO_BENCHMARK: Pause ; 0 ; 766401 
[  670.815558] VT-GPIO_BENCHMARK: Resume ; 0 ; 838686 
[  671.936050] VT-GPIO_BENCHMARK: Pause ; 0 ; 750486 
[  673.049247] VT-GPIO_BENCHMARK: Resume ; 0 ; 823396 
[  674.143749] VT-GPIO_BENCHMARK: Pause ; 0 ; 778233 
[  675.238604] VT-GPIO_BENCHMARK: Resume ; 0 ; 826063 
[  676.361858] VT-GPIO_BENCHMARK: Pause ; 0 ; 749610 
[  677.475248] VT-GPIO_BENCHMARK: Resume ; 0 ; 840895 
[  678.574137] VT-GPIO_BENCHMARK: Pause ; 0 ; 768276 
[  679.663586] VT-GPIO_BENCHMARK: Resume ; 0 ; 820397 
[  680.785317] VT-GPIO_BENCHMARK: Pause ; 0 ; 754402 
[  681.899768] VT-GPIO_BENCHMARK: Resume ; 0 ; 832229 
[  682.992379] VT-GPIO_BENCHMARK: Pause ; 0 ; 749943 
[  684.113122] VT-GPIO_BENCHMARK: Resume ; 0 ; 830312 
[  685.236704] VT-GPIO_BENCHMARK: Pause ; 0 ; 747735 
[  686.355142] VT-GPIO_BENCHMARK: Resume ; 0 ; 824688 
[  687.447472] VT-GPIO_BENCHMARK: Pause ; 0 ; 786941 
[  688.538354] VT-GPIO_BENCHMARK: Resume ; 0 ; 839270 
[  689.662763] VT-GPIO_BENCHMARK: Pause ; 0 ; 756109 
[  690.776721] VT-GPIO_BENCHMARK: Resume ; 0 ; 825229 
[  691.899694] VT-GPIO_BENCHMARK: Pause ; 0 ; 743527 
[  693.013148] VT-GPIO_BENCHMARK: Resume ; 0 ; 829479 
[  694.141524] VT-GPIO_BENCHMARK: Pause ; 0 ; 747360 
[  695.255188] VT-GPIO_BENCHMARK: Resume ; 0 ; 834395 
